Microchip Technology Inc, v1.26 (A)

Tool Name:
  c:\apps\microchip\xc16\v1.26\bin\bin\..\bin/elf-ld.exe

Command:
  -p24FJ256GB106 \
  -o \
  dist/default/production/Troop209-ames-nesi-02-26__Norm_.production.elf \
  -Lc:/apps/microchip/xc16/v1.26/bin/bin/.. \
  -Lc:/apps/microchip/xc16/v1.26/bin/bin/../../lib \
  -Lc:/apps/microchip/xc16/v1.26/bin/bin/../../support/PIC24E/gld \
  -Lc:/apps/microchip/xc16/v1.26/bin/bin/../../support/PIC24F/gld \
  -Lc:/apps/microchip/xc16/v1.26/bin/bin/../../support/PIC24H/gld \
  -Lc:/apps/microchip/xc16/v1.26/bin/bin/../../support/dsPIC30F/gld \
  -Lc:/apps/microchip/xc16/v1.26/bin/bin/../../support/dsPIC33E/gld \
  -Lc:/apps/microchip/xc16/v1.26/bin/bin/../../support/dsPIC33F/gld \
  build/default/production/_ext/1639979382/button.o \
  build/default/production/_ext/1639979382/camera.o \
  build/default/production/_ext/1639979382/co2.o \
  build/default/production/_ext/1639979382/datalog.o \
  build/default/production/_ext/1639979382/file.o \
  build/default/production/_ext/1639979382/led.o \
  build/default/production/_ext/1639979382/nesi.o \
  build/default/production/_ext/1639979382/powerDriver.o \
  build/default/production/_ext/1639979382/resistiveSensors.o \
  build/default/production/_ext/1639979382/sdcard.o \
  build/default/production/_ext/1639979382/system.o \
  build/default/production/_ext/1639979382/usb.o \
  build/default/production/_ext/1639979382/dateTime.o \
  build/default/production/_ext/1639979382/uart1.o \
  build/default/production/_ext/1639979382/uart2.o \
  build/default/production/_ext/1639979382/uart3.o \
  build/default/production/_ext/1639979382/camera2.o \
  build/default/production/_ext/1161271966/FSIO.o \
  build/default/production/_ext/1161271966/SD-SPI.o \
  build/default/production/_ext/1464792115/Analog2digital.o \
  build/default/production/_ext/1464792115/dateTime_RTC.o \
  build/default/production/_ext/1464792115/Encoder.o \
  build/default/production/_ext/1464792115/I2CDrivers.o \
  build/default/production/_ext/1464792115/PortBitDrivers.o \
  build/default/production/_ext/1464792115/RadiationSensorDriver.o \
  build/default/production/_ext/1464792115/RedGreenBlueDrivers.o \
  build/default/production/_ext/1464792115/SensorDirviers.o \
  build/default/production/_ext/1464792115/HdwrTest.o \
  build/default/production/_ext/1464792115/NVMDrivers.o \
  build/default/production/_ext/1464792115/OptoDrivers.o \
  build/default/production/_ext/1464792115/multiMotorDrivers.o \
  build/default/production/_ext/1464792115/TempHumidPresDrivers.o \
  build/default/production/_ext/1749136748/non_pwm_led.o \
  build/default/production/_ext/1749136748/main.o \
  build/default/production/_ext/1749136748/kernel13.o \
  build/default/production/_ext/1749136748/kernel14.o \
  build/default/production/_ext/1749136748/SD_support.o \
  build/default/production/_ext/1749136748/kernel15.o \
  build/default/production/_ext/1749136748/kernel16.o \
  build/default/production/_ext/1749136748/kernel17.o \
  build/default/production/_ext/1749136748/kernel18.o \
  build/default/production/_ext/1749136748/kernel12.o \
  build/default/production/_ext/1749136748/kernel19.o \
  build/default/production/_ext/1161263815/usb_descriptors.o \
  build/default/production/_ext/1161263815/usb_device.o \
  build/default/production/_ext/1161263815/usb_function_msd.o \
  build/default/production/_ext/1161263815/usb_function_cdc.o \
  --defsym=__MPLAB_BUILD=1 \
  -Tp24FJ256GB106.gld.00 \
  --heap=512 \
  --stack=16 \
  --check-sections \
  --data-init \
  --pack-data \
  --handles \
  --isr \
  --no-gc-sections \
  --fill-upper=0 \
  --stackguard=16 \
  --no-force-link \
  --smart-io \
  -Map=dist/default/production/Troop209-ames-nesi-02-26 (Norm).production.map \
  --report-mem \
  --memorysummary \
  dist/default/production/memoryfile.xml \
  -start-group \
  --library=lega-pic30-elf \
  --library=fastm-elf \
  --library=lega-c-elf \
  -end-group \


Optional library libpPIC24Fxxx.a not found
Archive member included because of file (symbol)

c:/apps/microchip/xc16/v1.26/bin/bin/../../lib\liblega-pic30-elf.a(crt0_standard.o)
                              (__resetPRI)
c:/apps/microchip/xc16/v1.26/bin/bin/../../lib\liblega-pic30-elf.a(data_init_standard.o)
                              c:/apps/microchip/xc16/v1.26/bin/bin/../../lib\liblega-pic30-elf.a(crt0_standard.o) (__data_init_standard)
c:/apps/microchip/xc16/v1.26/bin/bin/../../lib\liblega-pic30-elf.a(delay32.Leo)
                              build/default/production/_ext/1639979382/button.o (___delay32)
c:/apps/microchip/xc16/v1.26/bin/bin/../../lib\libfastm-elf.a(divsi3.eo)
                              build/default/production/_ext/1464792115/RadiationSensorDriver.o (___divsi3)
c:/apps/microchip/xc16/v1.26/bin/bin/../../lib\libfastm-elf.a(feqltle.eo)
[...]
Memory Configuration

Name             Origin             Length             Attributes
data             0x000800           0x004000           a !xr
reset            0x000000           0x000004  
ivt              0x000004           0x0000fc  
_reserved        0x000100           0x000004  
aivt             0x000104           0x0000fc  
program          0x000200           0x02a9f6           xr
CONFIG3          0x02abfa           0x000002  
CONFIG2          0x02abfc           0x000002  
CONFIG1          0x02abfe           0x000002  
*default*        0x000000           0xffffffff  

Linker script and memory map

LOAD build/default/production/_ext/1639979382/button.o
LOAD build/default/production/_ext/1639979382/camera.o
LOAD build/default/production/_ext/1639979382/co2.o
LOAD build/default/production/_ext/1639979382/datalog.o
LOAD build/default/production/_ext/1639979382/file.o
LOAD build/default/production/_ext/1639979382/led.o
LOAD build/default/production/_ext/1639979382/nesi.o
LOAD build/default/production/_ext/1639979382/powerDriver.o
LOAD build/default/production/_ext/1639979382/resistiveSensors.o
LOAD build/default/production/_ext/1639979382/sdcard.o
LOAD build/default/production/_ext/1639979382/system.o
LOAD build/default/production/_ext/1639979382/usb.o
LOAD build/default/production/_ext/1639979382/dateTime.o
LOAD build/default/production/_ext/1639979382/uart1.o
LOAD build/default/production/_ext/1639979382/uart2.o
LOAD build/default/production/_ext/1639979382/uart3.o
LOAD build/default/production/_ext/1639979382/camera2.o
LOAD build/default/production/_ext/1161271966/FSIO.o
LOAD build/default/production/_ext/1161271966/SD-SPI.o
LOAD build/default/production/_ext/1464792115/Analog2digital.o
LOAD build/default/production/_ext/1464792115/dateTime_RTC.o
LOAD build/default/production/_ext/1464792115/Encoder.o
LOAD build/default/production/_ext/1464792115/I2CDrivers.o
LOAD build/default/production/_ext/1464792115/PortBitDrivers.o
LOAD build/default/production/_ext/1464792115/RadiationSensorDriver.o
LOAD build/default/production/_ext/1464792115/RedGreenBlueDrivers.o
LOAD build/default/production/_ext/1464792115/SensorDirviers.o
LOAD build/default/production/_ext/1464792115/HdwrTest.o
LOAD build/default/production/_ext/1464792115/NVMDrivers.o
LOAD build/default/production/_ext/1464792115/OptoDrivers.o
LOAD build/default/production/_ext/1464792115/multiMotorDrivers.o
LOAD build/default/production/_ext/1464792115/TempHumidPresDrivers.o
LOAD build/default/production/_ext/1749136748/non_pwm_led.o
LOAD build/default/production/_ext/1749136748/main.o
LOAD build/default/production/_ext/1749136748/kernel13.o
LOAD build/default/production/_ext/1749136748/kernel14.o
LOAD build/default/production/_ext/1749136748/SD_support.o
LOAD build/default/production/_ext/1749136748/kernel15.o
LOAD build/default/production/_ext/1749136748/kernel16.o
LOAD build/default/production/_ext/1749136748/kernel17.o
LOAD build/default/production/_ext/1749136748/kernel18.o
LOAD build/default/production/_ext/1749136748/kernel12.o
LOAD build/default/production/_ext/1749136748/kernel19.o
LOAD build/default/production/_ext/1161263815/usb_descriptors.o
LOAD build/default/production/_ext/1161263815/usb_device.o
LOAD build/default/production/_ext/1161263815/usb_function_msd.o
LOAD build/default/production/_ext/1161263815/usb_function_cdc.o
                    0x0001                  __MPLAB_BUILD = 0x1
LOAD pPIC24Fxxx
                    0x2abfa                  __CONFIG3 = 0x2abfa
                    0x2abfc                  __CONFIG2 = 0x2abfc
                    0x2abfe                  __CONFIG1 = 0x2abfe
                    0x0004                  __IVT_BASE = 0x4
                    0x0104                  __AIVT_BASE = 0x104
                    0x0800                  __DATA_BASE = 0x800
                    0x4000                  __DATA_LENGTH = 0x4000
                    0x0200                  __CODE_BASE = 0x200
                    0x2a9f8                  __CODE_LENGTH = 0x2a9f8

.reset            0x000000          0x4
                  0x000000          0x2 SHORT 0x200 ABSOLUTE (__reset)
                  0x000001          0x2 SHORT 0x4
                  0x000002          0x2 SHORT 0x0 ((ABSOLUTE (__reset) >> 0x10) & 0x7f)
                  0x000003          0x2 SHORT 0x0

.text             0x000200       0x4146
 *(.init)
 .init            0x000200         0x3c c:/apps/microchip/xc16/v1.26/bin/bin/../../lib\liblega-pic30-elf.a(crt0_standard.o)
                  0x000200                  __resetPRI
                  0x000200                  __reset
                  0x00022c                  __psv_init
 .init            0x00023c         0x6c c:/apps/microchip/xc16/v1.26/bin/bin/../../lib\liblega-pic30-elf.a(data_init_standard.o)
                  0x00023c                  __data_init_standard
                  0x00023c                  __data_init
 *(.user_init)
 *(.handle)
 .handle          0x0002a8        0x244 jump_table
 *(.isr*)
 .isr             0x0004ec          0x4 default_isr
                  0x0004ec                  __DefaultInterrupt
 *(.libc)
 .libc            0x0004f0         0x12 c:/apps/microchip/xc16/v1.26/bin/bin/../../lib\liblega-pic30-elf.a(close.Leo)
                  0x0004f0                  _close
 .libc            0x000502         0x5c c:/apps/microchip/xc16/v1.26/bin/bin/../../lib\liblega-pic30-elf.a(write.Leo)
                  0x000502                  _write
 .libc            0x00055e         0x12 c:/apps/microchip/xc16/v1.26/bin/bin/../../lib\liblega-pic30-elf.a(remove.Leo)
                  0x00055e                  _remove
 .libc            0x000570         0x28 c:/apps/microchip/xc16/v1.26/bin/bin/../../lib\liblega-pic30-elf.a(sbrk.Leo)
                  0x000570                  _sbrk
 .libc            0x000598         0x1a c:/apps/microchip/xc16/v1.26/bin/bin/../../lib\liblega-pic30-elf.a(brk.Lelo)
                  0x000598                  _brk
 *(.libm)
 *(.libdsp)
 *(.lib*)
 .libm.divsi3     0x0005b2         0x1e c:/apps/microchip/xc16/v1.26/bin/bin/../../lib\libfastm-elf.a(divsi3.eo)
                  0x0005b2                  ___divsi3
 .libm.eqsf2      0x0005d0          0x4 c:/apps/microchip/xc16/v1.26/bin/bin/../../lib\libfastm-elf.a(feqltle.eo)
                  0x0005d0                  ___eqsf2
                  0x0005d0                  ___ltsf2
                  0x0005d0                  ___lesf2
 .libm.gtsf2      0x0005d4          0x4 c:/apps/microchip/xc16/v1.26/bin/bin/../../lib\libfastm-elf.a(fgtge.eo)
                  0x0005d4                  ___gesf2
                  0x0005d4                  ___gtsf2
 .libm.fixsfsi    0x0005d8         0x42 c:/apps/microchip/xc16/v1.26/bin/bin/../../lib\libfastm-elf.a(fixsfsi.eo)
                  0x0005d8                  _(float, int, long long, short, float, short, int)
 .libm.floatsisf
                  0x00061a          0x6 c:/apps/microchip/xc16/v1.26/bin/bin/../../lib\libfastm-elf.a(floatsisf.eo)
                  0x00061a                  ___floatsisf
 .libm.floatunsisf
                  0x000620          0x4 c:/apps/microchip/xc16/v1.26/bin/bin/../../lib\libfastm-elf.a(floatunsisf.eo)
                  0x000620                  ___floatunsisf
 .libm.funpack    0x000624         0x2a c:/apps/microchip/xc16/v1.26/bin/bin/../../lib\libfastm-elf.a(funpack.eo)
                  0x000624                  __funpack
 .libm.__PplusBdi
                  0x00064e         0x26 c:/apps/microchip/xc16/v1.26/bin/bin/../../lib\libfastm-elf.a(divmoddi3.eo)
 .libm.__PminusBdi
                  0x000674         0x26 c:/apps/microchip/xc16/v1.26/bin/bin/../../lib\libfastm-elf.a(divmoddi3.eo)
 .libm.__udivmoddi3
                  0x00069a         0xe6 c:/apps/microchip/xc16/v1.26/bin/bin/../../lib\libfastm-elf.a(divmoddi3.eo)
                  0x00069a                  ___udivmoddi3
 .libm.__udivdi3
                  0x000780          0xe c:/apps/microchip/xc16/v1.26/bin/bin/../../lib\libfastm-elf.a(divmoddi3.eo)
                  0x000780                  ___udivdi3
 .libm.__umoddi3
                  0x00078e          0x8 c:/apps/microchip/xc16/v1.26/bin/bin/../../lib\libfastm-elf.a(divmoddi3.eo)
                  0x00078e                  ___umoddi3
 .libm.__divdi3
                  0x000796         0x60 c:/apps/microchip/xc16/v1.26/bin/bin/../../lib\libfastm-elf.a(divmoddi3.eo)
                  0x000796                  ___divdi3
 .libm.__moddi3
                  0x0007f6         0x5c c:/apps/microchip/xc16/v1.26/bin/bin/../../lib\libfastm-elf.a(divmoddi3.eo)
                  0x0007f6                  ___moddi3
 .libm.__muldi3
                  0x000852         0x52 c:/apps/microchip/xc16/v1.26/bin/bin/../../lib\libfastm-elf.a(muldi3.eo)
                  0x000852                  ___muldi3
 .libmx           0x0008a4        0x1dc c:/apps/microchip/xc16/v1.26/bin/bin/../../lib\libfastm-elf.a(addsf3x.eo)
                  0x0008a4                  ___subsf3x
                  0x0008a4                  ___subsf3
                  0x0008b6                  ___addsf3x
                  0x0008b6                  ___addsf3
 .libmx           0x000a80        0x10c c:/apps/microchip/xc16/v1.26/bin/bin/../../lib\libfastm-elf.a(mulsf3x.eo)
                  0x000a80                  ___mulsf3x
                  0x000a80                  ___mulsf3
 .libmx           0x000b8c         0xda c:/apps/microchip/xc16/v1.26/bin/bin/../../lib\libfastm-elf.a(udivsi3x.eo)
                  0x000b8c                  ___udivsi3
                  0x000b8c                  ___udivsi3x
 .libmx           0x000c66          0x6 c:/apps/microchip/xc16/v1.26/bin/bin/../../lib\libfastm-elf.a(umodsi3x.eo)
                  0x000c66                  ___umodsi3x
                  0x000c66                  ___umodsi3
 .libmx           0x000c6c         0x5e c:/apps/microchip/xc16/v1.26/bin/bin/../../lib\libfastm-elf.a(unpackdnrmfx.eo)
                  0x000c6c                  __unpackdnrmf
 .libmx           0x000cca        0x1be c:/apps/microchip/xc16/v1.26/bin/bin/../../lib\libfastm-elf.a(divsf3x.eo)
                  0x000cca                  ___divsf3x
                  0x000cca                  ___divsf3
                  0x000e5c                  __sdivf
 .libmx           0x000e88         0x12 c:/apps/microchip/xc16/v1.26/bin/bin/../../lib\libfastm-elf.a(propnanfx.eo)
                  0x000e88                  __propnanf
 .libmx           0x000e9a         0x66 c:/apps/microchip/xc16/v1.26/bin/bin/../../lib\libfastm-elf.a(unpackfx.eo)
                  0x000e9a                  __unpackf
 .libmx           0x000f00         0x54 c:/apps/microchip/xc16/v1.26/bin/bin/../../lib\libfastm-elf.a(dnrmpackfx.eo)
                  0x000f00                  __dnrmpackf
 .libmx           0x000f54         0xa6 c:/apps/microchip/xc16/v1.26/bin/bin/../../lib\libfastm-elf.a(spackfx.eo)
                  0x000f54                  __spackf
 .libm.fcompare
                  0x000ffa         0x36 c:/apps/microchip/xc16/v1.26/bin/bin/../../lib\libfastm-elf.a(fcompare.eo)
                  0x000ffa                  __fcompare
 .libm.floatdisf
                  0x001030         0x20 c:/apps/microchip/xc16/v1.26/bin/bin/../../lib\libfastm-elf.a(floatdisf.eo)
                  0x001030                  ___floatdisf
 .libm.floatundisf
                  0x001050         0x5e c:/apps/microchip/xc16/v1.26/bin/bin/../../lib\libfastm-elf.a(floatundisf.eo)
                  0x001050                  ___floatundisf
 .libm.fpack      0x0010ae         0x4c c:/apps/microchip/xc16/v1.26/bin/bin/../../lib\libfastm-elf.a(fpack.eo)
                  0x0010ae                  __fpack
 .libm.funpack2
                  0x0010fa         0x10 c:/apps/microchip/xc16/v1.26/bin/bin/../../lib\libfastm-elf.a(funpack2.eo)
                  0x0010fa                  __funpack2
 .libm.umuldi3    0x00110a         0x44 c:/apps/microchip/xc16/v1.26/bin/bin/../../lib\libfastm-elf.a(umuldi3.eo)
                  0x00110a                  ___umuldi3
 .libmx           0x00114e         0x34 c:/apps/microchip/xc16/v1.26/bin/bin/../../lib\libfastm-elf.a(typefx.eo)
                  0x00114e                  __typef
 .libc.isspace    0x001182         0x10 c:/apps/microchip/xc16/v1.26/bin/bin/../../lib\liblega-c-elf.a(isspace.XXeso)
                  0x001182                  _isspace
 .libc.tolower    0x001192          0xe c:/apps/microchip/xc16/v1.26/bin/bin/../../lib\liblega-c-elf.a(tolower.XXeso)
                  0x001192                  _tolower
 .libc.toupper    0x0011a0          0xe c:/apps/microchip/xc16/v1.26/bin/bin/../../lib\liblega-c-elf.a(toupper.XXeso)
                  0x0011a0                  _toupper
 .libc.atoi       0x0011ae          0x6 c:/apps/microchip/xc16/v1.26/bin/bin/../../lib\liblega-c-elf.a(atoi.XXeo)
                  0x0011ae                  _atoi
 .libc.memcpy     0x0011b4          0xe c:/apps/microchip/xc16/v1.26/bin/bin/../../lib\liblega-c-elf.a(memcpy.XXeo)
                  0x0011b4                  _memcpy
 .libc.memset     0x0011c2          0xe c:/apps/microchip/xc16/v1.26/bin/bin/../../lib\liblega-c-elf.a(memset.XXeo)
                  0x0011c2                  _memset
 .libc.puts       0x0011d0         0x16 c:/apps/microchip/xc16/v1.26/bin/bin/../../lib\liblega-c-elf.a(puts.XXeo)
                  0x0011d0                  _puts
 .libc.strcmp     0x0011e6         0x20 c:/apps/microchip/xc16/v1.26/bin/bin/../../lib\liblega-c-elf.a(strcmp.XXeo)
                  0x0011e6                  _strcmp
 .libc.strcpy     0x001206          0xc c:/apps/microchip/xc16/v1.26/bin/bin/../../lib\liblega-c-elf.a(strcpy.XXeo)
                  0x001206                  _strcpy
 .libc.strlen     0x001212          0xc c:/apps/microchip/xc16/v1.26/bin/bin/../../lib\liblega-c-elf.a(strlen.XXeo)
                  0x001212                  _strlen
 .libc.strncpy    0x00121e         0x1e c:/apps/microchip/xc16/v1.26/bin/bin/../../lib\liblega-c-elf.a(strncpy.XXeo)
                  0x00121e                  _strncpy
 .libc.strtok     0x00123c         0x34 c:/apps/microchip/xc16/v1.26/bin/bin/../../lib\liblega-c-elf.a(strtok.XXeo)
                  0x00123c                  _strtok
 .libc._Stoul     0x001270        0x134 c:/apps/microchip/xc16/v1.26/bin/bin/../../lib\liblega-c-elf.a(xstoul.XXeo)
                  0x001270                  __Stoul
 .libc.prout      0x0013a4          0xe c:/apps/microchip/xc16/v1.26/bin/bin/../../lib\liblega-c-elf.a(vsprintf.XXeo)
                  0x0013a4                  vsprintf.XXeo:_prout
 .libc.vsprintf
                  0x0013b2         0x1a c:/apps/microchip/xc16/v1.26/bin/bin/../../lib\liblega-c-elf.a(vsprintf.XXeo)
                  0x0013b2                  _vsprintf
 .libc._Printf    0x0013cc        0x164 c:/apps/microchip/xc16/v1.26/bin/bin/../../lib\liblega-c-elf.a(xprintf.XXeo)
                  0x0013cc                  __Printf
 .libc._Putfld    0x001530        0x2ca c:/apps/microchip/xc16/v1.26/bin/bin/../../lib\liblega-c-elf.a(xputfld.XXeo)
                  0x001530                  __Putfld
 .libc.fputc      0x0017fa         0x4c c:/apps/microchip/xc16/v1.26/bin/bin/../../lib\liblega-c-elf.a(fputc.XXelo)
                  0x0017fa                  _fputc
 .libc.strchr     0x001846         0x1e c:/apps/microchip/xc16/v1.26/bin/bin/../../lib\liblega-c-elf.a(strchr.XXelo)
                  0x001846                  _strchr
 .libc._Vacopy    0x001864          0x4 c:/apps/microchip/xc16/v1.26/bin/bin/../../lib\liblega-c-elf.a(xvacopy.XXelo)
                  0x001864                  __Vacopy
 .libc.scin       0x001868         0x18 c:/apps/microchip/xc16/v1.26/bin/bin/../../lib\liblega-c-elf.a(sscanf_cdnopuxX.XXeo)
                  0x001868                  sscanf_cdnopuxX.XXeo:_scin
 .libc._sscanf_cdnopuxX
                  0x001880         0x12 c:/apps/microchip/xc16/v1.26/bin/bin/../../lib\liblega-c-elf.a(sscanf_cdnopuxX.XXeo)
                  0x001880                  __sscanf_cdnopuxX
 .libc.__Scanf_cdnopuxX
                  0x001892        0x190 c:/apps/microchip/xc16/v1.26/bin/bin/../../lib\liblega-c-elf.a(xscanf_cdnopuxX.XXeo)
                  0x001892                  ___Scanf_cdnopuxX
 .libc.prout      0x001a22          0xe c:/apps/microchip/xc16/v1.26/bin/bin/../../lib\liblega-c-elf.a(sprintf_cdfFnopsuxX.XXeo)
                  0x001a22                  sprintf_cdfFnopsuxX.XXeo:_prout
 .libc._sprintf_cdfFnopsuxX
                  0x001a30         0x1e c:/apps/microchip/xc16/v1.26/bin/bin/../../lib\liblega-c-elf.a(sprintf_cdfFnopsuxX.XXeo)
                  0x001a30                  __sprintf_cdfFnopuxX
                  0x001a30                  __sprintf_cdfFnopsuxX
                  0x001a30                  __sprintf_0
                  0x001a30                  __sprintf_s
                  0x001a30                  __sprintf_cdnopuxX
                  0x001a30                  __sprintf_cdnopsuxX
 .libc.__Printf_cdfFnopsuxX
                  0x001a4e        0x164 c:/apps/microchip/xc16/v1.26/bin/bin/../../lib\liblega-c-elf.a(xprintf_cdfFnopsuxX.XXeo)
                  0x001a4e                  ___Printf_cdfFnopuxX
                  0x001a4e                  ___Printf_s
                  0x001a4e                  ___Printf_cdfFnopsuxX
                  0x001a4e                  ___Printf_cdnopuxX
                  0x001a4e                  ___Printf_cdnopsuxX
 .libc.__Putfld_cdfFnopsuxX
                  0x001bb2        0x2ca c:/apps/microchip/xc16/v1.26/bin/bin/../../lib\liblega-c-elf.a(xputfld_cdfFnopsuxX.XXeo)
                  0x001bb2                  ___Putfld_cdnopuxX
                  0x001bb2                  ___Putfld_cdnopsuxX
                  0x001bb2                  ___Putfld_cdfFnopuxX
                  0x001bb2                  ___Putfld_cdfFnopsuxX
                  0x001bb2                  ___Putfld_s
 .libc.__Ldtob_cdfFnopsuxX
                  0x001e7c        0x250 c:/apps/microchip/xc16/v1.26/bin/bin/../../lib\liblega-c-elf.a(xldtob_cdfFnopsuxX.XXeo)
                  0x001e7c                  ___Ldtob_cdfFnopsuxX
                  0x001e7c                  ___Ldtob_cdfFnopuxX
 .libc.__Genld_cdfFnopsuxX
                  0x0020cc        0x208 c:/apps/microchip/xc16/v1.26/bin/bin/../../lib\liblega-c-elf.a(xgenld_cdfFnopsuxX.XXeo)
                  0x0020cc                  ___Genld_cdfFnopsuxX
                  0x0020cc                  ___Genld_cdfFnopuxX
 .libc.prout      0x0022d4         0x1c c:/apps/microchip/xc16/v1.26/bin/bin/../../lib\liblega-c-elf.a(printf_s.XXeo)
                  0x0022d4                  printf_s.XXeo:_prout
 .libc._printf_s
                  0x0022f0         0x10 c:/apps/microchip/xc16/v1.26/bin/bin/../../lib\liblega-c-elf.a(printf_s.XXeo)
                  0x0022f0                  __printf_s
                  0x0022f0                  __printf_0
 .libc.div        0x002300         0x16 c:/apps/microchip/xc16/v1.26/bin/bin/../../lib\liblega-c-elf.a(div.XXeo)
                  0x002300                  _div
 .libc._DNKfflush
                  0x002316         0x76 c:/apps/microchip/xc16/v1.26/bin/bin/../../lib\liblega-c-elf.a(fflush.XXeo)
                  0x002316                  __DNKfflush
 .libc.fputs      0x00238c         0x90 c:/apps/microchip/xc16/v1.26/bin/bin/../../lib\liblega-c-elf.a(fputs.XXeo)
                  0x00238c                  _fputs
 .libc.fwrite     0x00241c         0xa8 c:/apps/microchip/xc16/v1.26/bin/bin/../../lib\liblega-c-elf.a(fwrite.XXeo)
                  0x00241c                  _fwrite
 .libc.ldiv       0x0024c4         0x2a c:/apps/microchip/xc16/v1.26/bin/bin/../../lib\liblega-c-elf.a(ldiv.XXeo)
                  0x0024c4                  _ldiv
 .libc.memchr     0x0024ee         0x14 c:/apps/microchip/xc16/v1.26/bin/bin/../../lib\liblega-c-elf.a(memchr.XXeo)
                  0x0024ee                  _memchr
 .libc.strcspn    0x002502         0x22 c:/apps/microchip/xc16/v1.26/bin/bin/../../lib\liblega-c-elf.a(strcspn.XXeo)
                  0x002502                  _strcspn
 .libc.strrchr    0x002524         0x14 c:/apps/microchip/xc16/v1.26/bin/bin/../../lib\liblega-c-elf.a(strrchr.XXeo)
                  0x002524                  _strrchr
 .libc.strspn     0x002538         0x20 c:/apps/microchip/xc16/v1.26/bin/bin/../../lib\liblega-c-elf.a(strspn.XXeo)
                  0x002538                  _strspn
 .libc._Fwprep    0x002558         0x8e c:/apps/microchip/xc16/v1.26/bin/bin/../../lib\liblega-c-elf.a(xfwprep.XXeo)
                  0x002558                  __Fwprep
 .libc._Ldtob     0x0025e6        0x3f2 c:/apps/microchip/xc16/v1.26/bin/bin/../../lib\liblega-c-elf.a(xldtob.XXeo)
                  0x0025e6                  __Ldtob
 .libc._LDunscale
                  0x0029d8         0x54 c:/apps/microchip/xc16/v1.26/bin/bin/../../lib\liblega-c-elf.a(xldunsca.XXeo)
                  0x0029d8                  __LDunscale
 .libc._Litob     0x002a2c        0x25e c:/apps/microchip/xc16/v1.26/bin/bin/../../lib\liblega-c-elf.a(xlitob.XXeo)
                  0x002a2c                  __Litob
 .libc._Puttxt    0x002c8a        0x178 c:/apps/microchip/xc16/v1.26/bin/bin/../../lib\liblega-c-elf.a(xputtxt.XXeo)
                  0x002c8a                  __Puttxt
 .libc.closeallreg
                  0x002e02          0x4 c:/apps/microchip/xc16/v1.26/bin/bin/../../lib\liblega-c-elf.a(fclose.XXelo)
 .libc._Closreg
                  0x002e06         0x12 c:/apps/microchip/xc16/v1.26/bin/bin/../../lib\liblega-c-elf.a(fclose.XXelo)
                  0x002e06                  __Closreg
 .libc.fclose     0x002e18         0x90 c:/apps/microchip/xc16/v1.26/bin/bin/../../lib\liblega-c-elf.a(fclose.XXelo)
                  0x002e18                  _fclose
 .libc.closeall
                  0x002ea8         0x20 c:/apps/microchip/xc16/v1.26/bin/bin/../../lib\liblega-c-elf.a(fclose.XXelo)
                  0x002ea8                  fclose.XXelo:_closeall
 .libc._Atexit    0x002ec8         0x18 c:/apps/microchip/xc16/v1.26/bin/bin/../../lib\liblega-c-elf.a(xatexit.XXelo)
                  0x002ec8                  __Atexit
 .libc._Dnorm     0x002ee0         0x98 c:/apps/microchip/xc16/v1.26/bin/bin/../../lib\liblega-c-elf.a(xdnorm.XXelo)
                  0x002ee0                  __Dnorm
 .libc._LDscale
                  0x002f78         0xf6 c:/apps/microchip/xc16/v1.26/bin/bin/../../lib\liblega-c-elf.a(xldscale.XXelo)
                  0x002f78                  __LDscale
 .libc.__Getfld_cdnopuxX
                  0x00306e        0x138 c:/apps/microchip/xc16/v1.26/bin/bin/../../lib\liblega-c-elf.a(xgetfld_cdnopuxX.XXeo)
                  0x00306e                  ___Getfld_cdnopuxX
 .libc.free       0x0031a6         0x64 c:/apps/microchip/xc16/v1.26/bin/bin/../../lib\liblega-c-elf.a(free.XXeo)
                  0x0031a6                  _free
 .libc.findmem    0x00320a         0x66 c:/apps/microchip/xc16/v1.26/bin/bin/../../lib\liblega-c-elf.a(malloc.XXeo)
 .libc.malloc     0x003270         0x54 c:/apps/microchip/xc16/v1.26/bin/bin/../../lib\liblega-c-elf.a(malloc.XXeo)
                  0x003270                  _malloc
 .libc._Genld     0x0032c4        0x264 c:/apps/microchip/xc16/v1.26/bin/bin/../../lib\liblega-c-elf.a(xgenld.XXeo)
                  0x0032c4                  __Genld
 .libc._Getint    0x003528        0x2bc c:/apps/microchip/xc16/v1.26/bin/bin/../../lib\liblega-c-elf.a(xgetint.XXeo)
                  0x003528                  __Getint
 .libc._Getmem    0x0037e4         0x14 c:/apps/microchip/xc16/v1.26/bin/bin/../../lib\liblega-c-elf.a(xgetmem.XXeo)
                  0x0037e4                  __Getmem
 .libc.ranmatch
                  0x0037f8         0x3a c:/apps/microchip/xc16/v1.26/bin/bin/../../lib\liblega-c-elf.a(xgetstr.XXeo)
 .libc._Getstr    0x003832        0x1e6 c:/apps/microchip/xc16/v1.26/bin/bin/../../lib\liblega-c-elf.a(xgetstr.XXeo)
                  0x003832                  __Getstr
 .libc._Stoll     0x003a18         0xb8 c:/apps/microchip/xc16/v1.26/bin/bin/../../lib\liblega-c-elf.a(xstoll.XXeo)
                  0x003a18                  __Stoll
 .libc._Stoull    0x003ad0        0x18c c:/apps/microchip/xc16/v1.26/bin/bin/../../lib\liblega-c-elf.a(xstoull.XXeo)
                  0x003ad0                  __Stoull
 .libc.doclose    0x003c5c          0x4 c:/apps/microchip/xc16/v1.26/bin/bin/../../lib\liblega-pic30-elf.a(close.Leo)
 .libc.dowrite    0x003c60          0x4 c:/apps/microchip/xc16/v1.26/bin/bin/../../lib\liblega-pic30-elf.a(write.Leo)
 .libc.doremove
                  0x003c64          0x4 c:/apps/microchip/xc16/v1.26/bin/bin/../../lib\liblega-pic30-elf.a(remove.Leo)
 .libm.eqdf2      0x003c68          0xa c:/apps/microchip/xc16/v1.26/bin/bin/../../lib\libfastm-elf.a(deqltle.eo)
                  0x003c68                  ___eqdf2
                  0x003c68                  ___ltdf2
                  0x003c68                  ___ledf2
 .libm.gtdf2      0x003c72          0xa c:/apps/microchip/xc16/v1.26/bin/bin/../../lib\libfastm-elf.a(dgtge.eo)
                  0x003c72                  ___gtdf2
                  0x003c72                  ___gedf2
 .libm.extendsfdf2
                  0x003c7c         0x3e c:/apps/microchip/xc16/v1.26/bin/bin/../../lib\libfastm-elf.a(extendsfdf.eo)
                  0x003c7c                  ___extendsfdf2
 .libm.fixdfsi    0x003cba         0x58 c:/apps/microchip/xc16/v1.26/bin/bin/../../lib\libfastm-elf.a(fixdfsi.eo)
                  0x003cba                  _(float, int, long long, double, float, short, int)
 .libm.floatsidf
                  0x003d12          0x6 c:/apps/microchip/xc16/v1.26/bin/bin/../../lib\libfastm-elf.a(floatsidf.eo)
                  0x003d12                  ___floatsidf
 .libm.mulsi3     0x003d18          0xc c:/apps/microchip/xc16/v1.26/bin/bin/../../lib\libfastm-elf.a(mulsi3.eo)
                  0x003d18                  ___mulp32peds3
                  0x003d18                  ___mulsi3
                  0x003d18                  ___mulp32eds3
 .lib_dpfops      0x003d24         0xa2 c:/apps/microchip/xc16/v1.26/bin/bin/../../lib\libfastm-elf.a(dpadd.eo)
                  0x003d24                  ___subdf3
                  0x003d30                  ___adddf3
 .lib_dpfops      0x003dc6        0x15e c:/apps/microchip/xc16/v1.26/bin/bin/../../lib\libfastm-elf.a(dpdiv.eo)
                  0x003dc6                  ___divdf3
 .lib_dpfops      0x003f24        0x11a c:/apps/microchip/xc16/v1.26/bin/bin/../../lib\libfastm-elf.a(dpmul.eo)
                  0x003f24                  ___muldf3
 .lib_dpfops      0x00403e        0x128 c:/apps/microchip/xc16/v1.26/bin/bin/../../lib\libfastm-elf.a(dpsubs.eo)
                  0x004058                  __dxchg
                  0x004066                  __drshft
                  0x0040c0                  __dupchk
                  0x004122                  __drndex
                  0x00412c                  __dnsrnd
                  0x004158                  __dpakex
 .libm.dcompare
                  0x004166         0x52 c:/apps/microchip/xc16/v1.26/bin/bin/../../lib\libfastm-elf.a(dcompare.eo)
                  0x004166                  __dcompare
 .libm.dtype      0x0041b8         0x24 c:/apps/microchip/xc16/v1.26/bin/bin/../../lib\libfastm-elf.a(dtype.eo)
                  0x0041b8                  __dtype
 .libm.dunpack    0x0041dc         0x4e c:/apps/microchip/xc16/v1.26/bin/bin/../../lib\libfastm-elf.a(dunpack.eo)
                  0x0041dc                  __dunpack
 .libm.dunpack2
                  0x00422a         0x32 c:/apps/microchip/xc16/v1.26/bin/bin/../../lib\libfastm-elf.a(dunpack2.eo)
                  0x00422a                  __dunpack2
                  0x00424c                  __dreturnNaN
                  0x004252                  __dunpack2exit
 .libm.floatdidf
                  0x00425c         0x20 c:/apps/microchip/xc16/v1.26/bin/bin/../../lib\libfastm-elf.a(floatdidf.eo)
                  0x00425c                  ___floatdidf
 .libm.floatundidf
                  0x00427c         0x56 c:/apps/microchip/xc16/v1.26/bin/bin/../../lib\libfastm-elf.a(floatundidf.eo)
                  0x00427c                  ___floatundidf
 .libm.dpack      0x0042d2         0x58 c:/apps/microchip/xc16/v1.26/bin/bin/../../lib\libfastm-elf.a(dpack.eo)
                  0x0042d2                  __dpack
 .libm.dPropagateNaN
                  0x00432a         0x1c c:/apps/microchip/xc16/v1.26/bin/bin/../../lib\libfastm-elf.a(dpropagateNaN.eo)
                  0x00432a                  __dPropagateNaN

usercode
 *(usercode)

__CONFIG3
 *(__CONFIG3.sec*)

__CONFIG2         0x02abfc          0x2
 *(__CONFIG2.sec*)
 __CONFIG2.sec    0x02abfc          0x2 build/default/production/_ext/1639979382/system.o

__CONFIG1         0x02abfe          0x2
 *(__CONFIG1.sec*)
 __CONFIG1.sec    0x02abfe          0x2 build/default/production/_ext/1639979382/system.o

.comment          0x000000         0x5e
 *(.comment)
 .comment         0x000000         0x5e c:/apps/microchip/xc16/v1.26/bin/bin/../../lib\liblega-c-elf.a(xfiles.XXeo)

.debug_info       0x000000      0x30d9a
 *(.debug_info)
 .debug_info      0x000000       0x1062 build/default/production/_ext/1639979382/button.o
 .debug_info      0x001062       0x1297 build/default/production/_ext/1639979382/camera.o
 .debug_info      0x0022f9        0xa9d build/default/production/_ext/1639979382/co2.o
 .debug_info      0x002d96        0x413 build/default/production/_ext/1639979382/datalog.o
 .debug_info      0x0031a9        0xa98 build/default/production/_ext/1639979382/file.o
 .debug_info      0x003c41        0x9c3 build/default/production/_ext/1639979382/led.o
 .debug_info      0x004604       0x1019 build/default/production/_ext/1639979382/nesi.o
 .debug_info      0x00561d        0x758 build/default/production/_ext/1639979382/powerDriver.o
 .debug_info      0x005d75        0x930 build/default/production/_ext/1639979382/resistiveSensors.o
 .debug_info      0x0066a5        0xcad build/default/production/_ext/1639979382/sdcard.o
 .debug_info      0x007352       0x11b8 build/default/production/_ext/1639979382/system.o
 .debug_info      0x00850a       0x171e build/default/production/_ext/1639979382/usb.o
 .debug_info      0x009c28       0x1ea9 build/default/production/_ext/1639979382/dateTime.o
 .debug_info      0x00bad1       0x1324 build/default/production/_ext/1639979382/uart1.o
 .debug_info      0x00cdf5       0x12ae build/default/production/_ext/1639979382/uart2.o
 .debug_info      0x00e0a3       0x11b4 build/default/production/_ext/1639979382/uart3.o
 .debug_info      0x00f257       0x1287 build/default/production/_ext/1639979382/camera2.o
 .debug_info      0x0104de       0x4f71 build/default/production/_ext/1161271966/FSIO.o
 .debug_info      0x01544f       0x1bbe build/default/production/_ext/1161271966/SD-SPI.o
 .debug_info      0x01700d        0x8d5 build/default/production/_ext/1464792115/Analog2digital.o
 .debug_info      0x0178e2       0x1c1c build/default/production/_ext/1464792115/dateTime_RTC.o
 .debug_info      0x0194fe       0x10b4 build/default/production/_ext/1464792115/Encoder.o
 .debug_info      0x01a5b2       0x11b1 build/default/production/_ext/1464792115/I2CDrivers.o
 .debug_info      0x01b763       0x1ec5 build/default/production/_ext/1464792115/PortBitDrivers.o
 .debug_info      0x01d628        0xffe build/default/production/_ext/1464792115/RadiationSensorDriver.o
 .debug_info      0x01e626        0x9c1 build/default/production/_ext/1464792115/RedGreenBlueDrivers.o
 .debug_info      0x01efe7        0xbca build/default/production/_ext/1464792115/SensorDirviers.o
 .debug_info      0x01fbb1       0x1186 build/default/production/_ext/1464792115/HdwrTest.o
 .debug_info      0x020d37        0x7d2 build/default/production/_ext/1464792115/NVMDrivers.o
 .debug_info      0x021509        0x7c4 build/default/production/_ext/1464792115/OptoDrivers.o
 .debug_info      0x021ccd       0x22d1 build/default/production/_ext/1464792115/multiMotorDrivers.o
 .debug_info      0x023f9e       0x11ea build/default/production/_ext/1464792115/TempHumidPresDrivers.o
 .debug_info      0x025188        0x5ec build/default/production/_ext/1749136748/non_pwm_led.o
 .debug_info      0x025774        0xa63 build/default/production/_ext/1749136748/main.o
 .debug_info      0x0261d7        0x3ea build/default/production/_ext/1749136748/kernel13.o
 .debug_info      0x0265c1        0x49b build/default/production/_ext/1749136748/kernel14.o
 .debug_info      0x026a5c        0xca3 build/default/production/_ext/1749136748/SD_support.o
 .debug_info      0x0276ff        0x2f6 build/default/production/_ext/1749136748/kernel15.o
 .debug_info      0x0279f5        0x7d1 build/default/production/_ext/1749136748/kernel16.o
 .debug_info      0x0281c6        0x6c2 build/default/production/_ext/1749136748/kernel17.o
 .debug_info      0x028888        0xd19 build/default/production/_ext/1749136748/kernel18.o
 .debug_info      0x0295a1        0x654 build/default/production/_ext/1749136748/kernel12.o
 .debug_info      0x029bf5        0x1c5 build/default/production/_ext/1749136748/kernel19.o
 .debug_info      0x029dba        0x884 build/default/production/_ext/1161263815/usb_descriptors.o
 .debug_info      0x02a63e       0x2bae build/default/production/_ext/1161263815/usb_device.o
 .debug_info      0x02d1ec       0x20c1 build/default/production/_ext/1161263815/usb_function_msd.o
 .debug_info      0x02f2ad       0x1aed build/default/production/_ext/1161263815/usb_function_cdc.o
 *(.gnu.linkonce.wi.*)

.debug_abbrev     0x000000       0x4eb9
 *(.debug_abbrev)
 .debug_abbrev    0x000000        0x1c2 build/default/production/_ext/1639979382/button.o
 .debug_abbrev    0x0001c2        0x29c build/default/production/_ext/1639979382/camera.o
 .debug_abbrev    0x00045e        0x1b1 build/default/production/_ext/1639979382/co2.o
 .debug_abbrev    0x00060f        0x133 build/default/production/_ext/1639979382/datalog.o
 .debug_abbrev    0x000742        0x240 build/default/production/_ext/1639979382/file.o
 .debug_abbrev    0x000982        0x13b build/default/production/_ext/1639979382/led.o
 .debug_abbrev    0x000abd        0x148 build/default/production/_ext/1639979382/nesi.o
 .debug_abbrev    0x000c05        0x17c build/default/production/_ext/1639979382/powerDriver.o
 .debug_abbrev    0x000d81        0x191 build/default/production/_ext/1639979382/resistiveSensors.o
 .debug_abbrev    0x000f12        0x161 build/default/production/_ext/1639979382/sdcard.o
 .debug_abbrev    0x001073        0x15c build/default/production/_ext/1639979382/system.o
 .debug_abbrev    0x0011cf        0x2cc build/default/production/_ext/1639979382/usb.o
 .debug_abbrev    0x00149b        0x2d6 build/default/production/_ext/1639979382/dateTime.o
 .debug_abbrev    0x001771        0x238 build/default/production/_ext/1639979382/uart1.o
 .debug_abbrev    0x0019a9        0x24d build/default/production/_ext/1639979382/uart2.o
 .debug_abbrev    0x001bf6        0x238 build/default/production/_ext/1639979382/uart3.o
 .debug_abbrev    0x001e2e        0x272 build/default/production/_ext/1639979382/camera2.o
 .debug_abbrev    0x0020a0        0x2d8 build/default/production/_ext/1161271966/FSIO.o
 .debug_abbrev    0x002378        0x2bc build/default/production/_ext/1161271966/SD-SPI.o
 .debug_abbrev    0x002634        0x129 build/default/production/_ext/1464792115/Analog2digital.o
 .debug_abbrev    0x00275d        0x26c build/default/production/_ext/1464792115/dateTime_RTC.o
 .debug_abbrev    0x0029c9        0x194 build/default/production/_ext/1464792115/Encoder.o
 .debug_abbrev    0x002b5d        0x1c8 build/default/production/_ext/1464792115/I2CDrivers.o
 .debug_abbrev    0x002d25        0x198 build/default/production/_ext/1464792115/PortBitDrivers.o
 .debug_abbrev    0x002ebd        0x12f build/default/production/_ext/1464792115/RadiationSensorDriver.o
 .debug_abbrev    0x002fec         0xb8 build/default/production/_ext/1464792115/RedGreenBlueDrivers.o
 .debug_abbrev    0x0030a4         0xf6 build/default/production/_ext/1464792115/SensorDirviers.o
 .debug_abbrev    0x00319a        0x185 build/default/production/_ext/1464792115/HdwrTest.o
 .debug_abbrev    0x00331f         0xf6 build/default/production/_ext/1464792115/NVMDrivers.o
 .debug_abbrev    0x003415         0xea build/default/production/_ext/1464792115/OptoDrivers.o
 .debug_abbrev    0x0034ff        0x2db build/default/production/_ext/1464792115/multiMotorDrivers.o
 .debug_abbrev    0x0037da        0x1b7 build/default/production/_ext/1464792115/TempHumidPresDrivers.o
 .debug_abbrev    0x003991        0x117 build/default/production/_ext/1749136748/non_pwm_led.o
 .debug_abbrev    0x003aa8        0x162 build/default/production/_ext/1749136748/main.o
 .debug_abbrev    0x003c0a         0xc6 build/default/production/_ext/1749136748/kernel13.o
 .debug_abbrev    0x003cd0         0xfa build/default/production/_ext/1749136748/kernel14.o
 .debug_abbrev    0x003dca        0x1f0 build/default/production/_ext/1749136748/SD_support.o
 .debug_abbrev    0x003fba         0xb3 build/default/production/_ext/1749136748/kernel15.o
 .debug_abbrev    0x00406d        0x164 build/default/production/_ext/1749136748/kernel16.o
 .debug_abbrev    0x0041d1        0x102 build/default/production/_ext/1749136748/kernel17.o
 .debug_abbrev    0x0042d3        0x1e1 build/default/production/_ext/1749136748/kernel18.o
 .debug_abbrev    0x0044b4        0x148 build/default/production/_ext/1749136748/kernel12.o
 .debug_abbrev    0x0045fc         0x5f build/default/production/_ext/1749136748/kernel19.o
 .debug_abbrev    0x00465b        0x10f build/default/production/_ext/1161263815/usb_descriptors.o
 .debug_abbrev    0x00476a        0x2b2 build/default/production/_ext/1161263815/usb_device.o
 .debug_abbrev    0x004a1c        0x289 build/default/production/_ext/1161263815/usb_function_msd.o
 .debug_abbrev    0x004ca5        0x214 build/default/production/_ext/1161263815/usb_function_cdc.o

.debug_line       0x000000       0x51a5
 *(.debug_line)
 .debug_line      0x000000         0xdb build/default/production/_ext/1639979382/button.o
 .debug_line      0x0000db        0x192 build/default/production/_ext/1639979382/camera.o
 .debug_line      0x00026d         0xa6 build/default/production/_ext/1639979382/co2.o
 .debug_line      0x000313         0x80 build/default/production/_ext/1639979382/datalog.o
 .debug_line      0x000393        0x143 build/default/production/_ext/1639979382/file.o
 .debug_line      0x0004d6         0x9e build/default/production/_ext/1639979382/led.o
 .debug_line      0x000574        0x10b build/default/production/_ext/1639979382/nesi.o
 .debug_line      0x00067f         0xbd build/default/production/_ext/1639979382/powerDriver.o
 .debug_line      0x00073c         0xe6 build/default/production/_ext/1639979382/resistiveSensors.o
 .debug_line      0x000822         0x9c build/default/production/_ext/1639979382/sdcard.o
 .debug_line      0x0008be         0x9f build/default/production/_ext/1639979382/system.o
 .debug_line      0x00095d        0x22f build/default/production/_ext/1639979382/usb.o
 .debug_line      0x000b8c        0x347 build/default/production/_ext/1639979382/dateTime.o
 .debug_line      0x000ed3        0x112 build/default/production/_ext/1639979382/uart1.o
 .debug_line      0x000fe5        0x112 build/default/production/_ext/1639979382/uart2.o
 .debug_line      0x0010f7        0x112 build/default/production/_ext/1639979382/uart3.o
 .debug_line      0x001209        0x18c build/default/production/_ext/1639979382/camera2.o
 .debug_line      0x001395       0x166a build/default/production/_ext/1161271966/FSIO.o
 .debug_line      0x0029ff        0x2ad build/default/production/_ext/1161271966/SD-SPI.o
 .debug_line      0x002cac        0x10e build/default/production/_ext/1464792115/Analog2digital.o
 .debug_line      0x002dba        0x372 build/default/production/_ext/1464792115/dateTime_RTC.o
 .debug_line      0x00312c        0x128 build/default/production/_ext/1464792115/Encoder.o
 .debug_line      0x003254        0x1dd build/default/production/_ext/1464792115/I2CDrivers.o
 .debug_line      0x003431        0x1cf build/default/production/_ext/1464792115/PortBitDrivers.o
 .debug_line      0x003600         0xec build/default/production/_ext/1464792115/RadiationSensorDriver.o
 .debug_line      0x0036ec         0xd6 build/default/production/_ext/1464792115/RedGreenBlueDrivers.o
 .debug_line      0x0037c2        0x10b build/default/production/_ext/1464792115/SensorDirviers.o
 .debug_line      0x0038cd        0x131 build/default/production/_ext/1464792115/HdwrTest.o
 .debug_line      0x0039fe         0xf6 build/default/production/_ext/1464792115/NVMDrivers.o
 .debug_line      0x003af4         0xc0 build/default/production/_ext/1464792115/OptoDrivers.o
 .debug_line      0x003bb4        0x25b build/default/production/_ext/1464792115/multiMotorDrivers.o
 .debug_line      0x003e0f        0x1aa build/default/production/_ext/1464792115/TempHumidPresDrivers.o
 .debug_line      0x003fb9         0xb9 build/default/production/_ext/1749136748/non_pwm_led.o
 .debug_line      0x004072         0xc8 build/default/production/_ext/1749136748/main.o
 .debug_line      0x00413a         0x7b build/default/production/_ext/1749136748/kernel13.o
 .debug_line      0x0041b5         0x86 build/default/production/_ext/1749136748/kernel14.o
 .debug_line      0x00423b        0x18c build/default/production/_ext/1749136748/SD_support.o
 .debug_line      0x0043c7         0x5b build/default/production/_ext/1749136748/kernel15.o
 .debug_line      0x004422         0xac build/default/production/_ext/1749136748/kernel16.o
 .debug_line      0x0044ce         0xb6 build/default/production/_ext/1749136748/kernel17.o
 .debug_line      0x004584         0xf7 build/default/production/_ext/1749136748/kernel18.o
 .debug_line      0x00467b         0x90 build/default/production/_ext/1749136748/kernel12.o
 .debug_line      0x00470b         0x50 build/default/production/_ext/1749136748/kernel19.o
 .debug_line      0x00475b         0xbf build/default/production/_ext/1161263815/usb_descriptors.o
 .debug_line      0x00481a        0x3e3 build/default/production/_ext/1161263815/usb_device.o
 .debug_line      0x004bfd        0x3bb build/default/production/_ext/1161263815/usb_function_msd.o
 .debug_line      0x004fb8        0x1ed build/default/production/_ext/1161263815/usb_function_cdc.o

.debug_frame      0x000000       0x3e8a
 *(.debug_frame)
 .debug_frame     0x000000        0x104 build/default/production/_ext/1639979382/button.o
 .debug_frame     0x000104        0x156 build/default/production/_ext/1639979382/camera.o
 .debug_frame     0x00025a         0xd8 build/default/production/_ext/1639979382/co2.o
 .debug_frame     0x000332         0x68 build/default/production/_ext/1639979382/datalog.o
 .debug_frame     0x00039a        0x2d6 build/default/production/_ext/1639979382/file.o
 .debug_frame     0x000670         0x84 build/default/production/_ext/1639979382/led.o
 .debug_frame     0x0006f4         0x30 build/default/production/_ext/1639979382/nesi.o
 .debug_frame     0x000724        0x19c build/default/production/_ext/1639979382/powerDriver.o
 .debug_frame     0x0008c0        0x110 build/default/production/_ext/1639979382/resistiveSensors.o
 .debug_frame     0x0009d0         0x4c build/default/production/_ext/1639979382/sdcard.o
 .debug_frame     0x000a1c         0xbc build/default/production/_ext/1639979382/system.o
 .debug_frame     0x000ad8        0x1f0 build/default/production/_ext/1639979382/usb.o
 .debug_frame     0x000cc8        0x3ec build/default/production/_ext/1639979382/dateTime.o
 .debug_frame     0x0010b4        0x162 build/default/production/_ext/1639979382/uart1.o
 .debug_frame     0x001216        0x162 build/default/production/_ext/1639979382/uart2.o
 .debug_frame     0x001378        0x162 build/default/production/_ext/1639979382/uart3.o
 .debug_frame     0x0014da        0x13a build/default/production/_ext/1639979382/camera2.o
 .debug_frame     0x001614        0x890 build/default/production/_ext/1161271966/FSIO.o
 .debug_frame     0x001ea4        0x218 build/default/production/_ext/1161271966/SD-SPI.o
 .debug_frame     0x0020bc        0x164 build/default/production/_ext/1464792115/Analog2digital.o
 .debug_frame     0x002220        0x344 build/default/production/_ext/1464792115/dateTime_RTC.o
 .debug_frame     0x002564         0x84 build/default/production/_ext/1464792115/Encoder.o
 .debug_frame     0x0025e8        0x19c build/default/production/_ext/1464792115/I2CDrivers.o
 .debug_frame     0x002784        0x5fc build/default/production/_ext/1464792115/PortBitDrivers.o
 .debug_frame     0x002d80         0x84 build/default/production/_ext/1464792115/RadiationSensorDriver.o
 .debug_frame     0x002e04         0xa0 build/default/production/_ext/1464792115/RedGreenBlueDrivers.o
 .debug_frame     0x002ea4         0x96 build/default/production/_ext/1464792115/SensorDirviers.o
 .debug_frame     0x002f3a         0x30 build/default/production/_ext/1464792115/HdwrTest.o
 .debug_frame     0x002f6a         0xbc build/default/production/_ext/1464792115/NVMDrivers.o
 .debug_frame     0x003026         0x30 build/default/production/_ext/1464792115/OptoDrivers.o
 .debug_frame     0x003056        0x1c0 build/default/production/_ext/1464792115/multiMotorDrivers.o
 .debug_frame     0x003216        0x1b2 build/default/production/_ext/1464792115/TempHumidPresDrivers.o
 .debug_frame     0x0033c8         0xbc build/default/production/_ext/1749136748/non_pwm_led.o
 .debug_frame     0x003484         0x3e build/default/production/_ext/1749136748/main.o
 .debug_frame     0x0034c2         0x30 build/default/production/_ext/1749136748/kernel13.o
 .debug_frame     0x0034f2         0x3e build/default/production/_ext/1749136748/kernel14.o
 .debug_frame     0x003530        0x1be build/default/production/_ext/1749136748/SD_support.o
 .debug_frame     0x0036ee         0x30 build/default/production/_ext/1749136748/kernel15.o
 .debug_frame     0x00371e         0x84 build/default/production/_ext/1749136748/kernel16.o
 .debug_frame     0x0037a2         0x30 build/default/production/_ext/1749136748/kernel17.o
 .debug_frame     0x0037d2         0xec build/default/production/_ext/1749136748/kernel18.o
 .debug_frame     0x0038be         0x30 build/default/production/_ext/1749136748/kernel12.o
 .debug_frame     0x0038ee         0x30 build/default/production/_ext/1749136748/kernel19.o
 .debug_frame     0x00391e        0x314 build/default/production/_ext/1161263815/usb_device.o
 .debug_frame     0x003c32        0x164 build/default/production/_ext/1161263815/usb_function_msd.o
 .debug_frame     0x003d96         0xf4 build/default/production/_ext/1161263815/usb_function_cdc.o

.debug_str        0x000000       0x223d
 *(.debug_str)
 .debug_str       0x000000         0x55 build/default/production/_ext/1639979382/button.o
 .debug_str       0x000055         0x4d build/default/production/_ext/1639979382/camera.o
 .debug_str       0x0000a2         0x3f build/default/production/_ext/1639979382/co2.o
 .debug_str       0x0000e1          0xb build/default/production/_ext/1639979382/datalog.o
 .debug_str       0x0000ec         0x4f build/default/production/_ext/1639979382/file.o
 .debug_str       0x00013b         0x36 build/default/production/_ext/1639979382/led.o
 .debug_str       0x000171         0x44 build/default/production/_ext/1639979382/nesi.o
 .debug_str       0x0001b5         0x48 build/default/production/_ext/1639979382/powerDriver.o
 .debug_str       0x0001fd         0x4b build/default/production/_ext/1639979382/resistiveSensors.o
 .debug_str       0x000248         0x48 build/default/production/_ext/1639979382/sdcard.o
 .debug_str       0x000290         0x6c build/default/production/_ext/1639979382/system.o
 .debug_str       0x0002fc         0x9a build/default/production/_ext/1639979382/usb.o
 .debug_str       0x000396        0x138 build/default/production/_ext/1639979382/dateTime.o
 .debug_str       0x0004ce         0x8b build/default/production/_ext/1639979382/uart1.o
 .debug_str       0x000559         0x83 build/default/production/_ext/1639979382/uart2.o
 .debug_str       0x0005dc         0x84 build/default/production/_ext/1639979382/uart3.o
 .debug_str       0x000660         0x4e build/default/production/_ext/1639979382/camera2.o
 .debug_str       0x0006ae        0x598 build/default/production/_ext/1161271966/FSIO.o
 .debug_str       0x000c46        0x13c build/default/production/_ext/1161271966/SD-SPI.o
 .debug_str       0x000d82         0x4b build/default/production/_ext/1464792115/Analog2digital.o
 .debug_str       0x000dcd        0x15a build/default/production/_ext/1464792115/dateTime_RTC.o
 .debug_str       0x000f27        0x13d build/default/production/_ext/1464792115/Encoder.o
 .debug_str       0x001064        0x255 build/default/production/_ext/1464792115/I2CDrivers.o
 .debug_str       0x0012b9        0x192 build/default/production/_ext/1464792115/PortBitDrivers.o
 .debug_str       0x00144b         0xc5 build/default/production/_ext/1464792115/RadiationSensorDriver.o
 .debug_str       0x001510        0x111 build/default/production/_ext/1464792115/RedGreenBlueDrivers.o
 .debug_str       0x001621        0x137 build/default/production/_ext/1464792115/SensorDirviers.o
 .debug_str       0x001758        0x19d build/default/production/_ext/1464792115/HdwrTest.o
 .debug_str       0x0018f5          0x9 build/default/production/_ext/1464792115/NVMDrivers.o
 .debug_str       0x0018fe         0x6e build/default/production/_ext/1464792115/OptoDrivers.o
 .debug_str       0x00196c        0x1c3 build/default/production/_ext/1464792115/multiMotorDrivers.o
 .debug_str       0x001b2f        0x121 build/default/production/_ext/1464792115/TempHumidPresDrivers.o
 .debug_str       0x001c50         0x27 build/default/production/_ext/1749136748/non_pwm_led.o
 .debug_str       0x001c77         0x16 build/default/production/_ext/1749136748/main.o
 .debug_str       0x001c8d         0x17 build/default/production/_ext/1749136748/kernel14.o
 .debug_str       0x001ca4         0x5c build/default/production/_ext/1749136748/SD_support.o
 .debug_str       0x001d00          0xd build/default/production/_ext/1749136748/kernel15.o
 .debug_str       0x001d0d         0x13 build/default/production/_ext/1749136748/kernel16.o
 .debug_str       0x001d20          0xb build/default/production/_ext/1749136748/kernel17.o
 .debug_str       0x001d2b         0x41 build/default/production/_ext/1749136748/kernel18.o
 .debug_str       0x001d6c          0x9 build/default/production/_ext/1749136748/kernel12.o
 .debug_str       0x001d75         0x2a build/default/production/_ext/1161263815/usb_descriptors.o
 .debug_str       0x001d9f        0x286 build/default/production/_ext/1161263815/usb_device.o
 .debug_str       0x002025        0x13a build/default/production/_ext/1161263815/usb_function_msd.o
 .debug_str       0x00215f         0xde build/default/production/_ext/1161263815/usb_function_cdc.o

.debug_loc
 *(.debug_loc)

.debug_macinfo
 *(.debug_macinfo)

.debug_pubnames
                  0x000000       0x35c6
 *(.debug_pubnames)
 .debug_pubnames
                  0x000000         0x3f build/default/production/_ext/1639979382/button.o
 .debug_pubnames
                  0x00003f         0x4a build/default/production/_ext/1639979382/camera.o
 .debug_pubnames
                  0x000089         0x1a build/default/production/_ext/1639979382/co2.o
 .debug_pubnames
                  0x0000a3         0x1e build/default/production/_ext/1639979382/datalog.o
 .debug_pubnames
                  0x0000c1         0x4f build/default/production/_ext/1639979382/file.o
 .debug_pubnames
                  0x000110         0x24 build/default/production/_ext/1639979382/led.o
 .debug_pubnames
                  0x000134         0x1b build/default/production/_ext/1639979382/nesi.o
 .debug_pubnames
                  0x00014f         0x34 build/default/production/_ext/1639979382/powerDriver.o
 .debug_pubnames
                  0x000183         0x27 build/default/production/_ext/1639979382/resistiveSensors.o
 .debug_pubnames
                  0x0001aa         0x1d build/default/production/_ext/1639979382/sdcard.o
 .debug_pubnames
                  0x0001c7         0x61 build/default/production/_ext/1639979382/system.o
 .debug_pubnames
                  0x000228         0xfe build/default/production/_ext/1639979382/usb.o
 .debug_pubnames
                  0x000326         0xce build/default/production/_ext/1639979382/dateTime.o
 .debug_pubnames
                  0x0003f4         0x42 build/default/production/_ext/1639979382/uart1.o
 .debug_pubnames
                  0x000436         0x42 build/default/production/_ext/1639979382/uart2.o
 .debug_pubnames
                  0x000478         0x42 build/default/production/_ext/1639979382/uart3.o
 .debug_pubnames
                  0x0004ba         0x3c build/default/production/_ext/1639979382/camera2.o
 .debug_pubnames
                  0x0004f6        0x784 build/default/production/_ext/1161271966/FSIO.o
 .debug_pubnames
                  0x000c7a        0x1fc build/default/production/_ext/1161271966/SD-SPI.o
 .debug_pubnames
                  0x000e76         0x67 build/default/production/_ext/1464792115/Analog2digital.o
 .debug_pubnames
                  0x000edd         0x61 build/default/production/_ext/1464792115/dateTime_RTC.o
 .debug_pubnames
                  0x000f3e        0x1ff build/default/production/_ext/1464792115/Encoder.o
 .debug_pubnames
                  0x00113d        0x421 build/default/production/_ext/1464792115/I2CDrivers.o
 .debug_pubnames
                  0x00155e        0x5b5 build/default/production/_ext/1464792115/PortBitDrivers.o
 .debug_pubnames
                  0x001b13         0x4e build/default/production/_ext/1464792115/RadiationSensorDriver.o
 .debug_pubnames
                  0x001b61        0x1cf build/default/production/_ext/1464792115/RedGreenBlueDrivers.o
 .debug_pubnames
                  0x001d30        0x381 build/default/production/_ext/1464792115/SensorDirviers.o
 .debug_pubnames
                  0x0020b1        0x1fe build/default/production/_ext/1464792115/HdwrTest.o
 .debug_pubnames
                  0x0022af         0xee build/default/production/_ext/1464792115/NVMDrivers.o
 .debug_pubnames
                  0x00239d         0xfa build/default/production/_ext/1464792115/OptoDrivers.o
 .debug_pubnames
                  0x002497        0x2d2 build/default/production/_ext/1464792115/multiMotorDrivers.o
 .debug_pubnames
                  0x002769        0x461 build/default/production/_ext/1464792115/TempHumidPresDrivers.o
 .debug_pubnames
                  0x002bca         0x24 build/default/production/_ext/1749136748/non_pwm_led.o
 .debug_pubnames
                  0x002bee         0x26 build/default/production/_ext/1749136748/main.o
 .debug_pubnames
                  0x002c14         0x1f build/default/production/_ext/1749136748/kernel13.o
 .debug_pubnames
                  0x002c33         0x1f build/default/production/_ext/1749136748/kernel14.o
 .debug_pubnames
                  0x002c52         0x69 build/default/production/_ext/1749136748/SD_support.o
 .debug_pubnames
                  0x002cbb         0x1f build/default/production/_ext/1749136748/kernel15.o
 .debug_pubnames
                  0x002cda         0x3d build/default/production/_ext/1749136748/kernel16.o
 .debug_pubnames
                  0x002d17         0x1f build/default/production/_ext/1749136748/kernel17.o
 .debug_pubnames
                  0x002d36         0x8a build/default/production/_ext/1749136748/kernel18.o
 .debug_pubnames
                  0x002dc0         0x1f build/default/production/_ext/1749136748/kernel12.o
 .debug_pubnames
                  0x002ddf         0x1f build/default/production/_ext/1749136748/kernel19.o
 .debug_pubnames
                  0x002dfe         0x7d build/default/production/_ext/1161263815/usb_descriptors.o
 .debug_pubnames
                  0x002e7b        0x361 build/default/production/_ext/1161263815/usb_device.o
 .debug_pubnames
                  0x0031dc        0x238 build/default/production/_ext/1161263815/usb_function_msd.o
 .debug_pubnames
                  0x003414        0x1b2 build/default/production/_ext/1161263815/usb_function_cdc.o

.debug_ranges
 *(.debug_ranges)

.debug_aranges    0x000000        0x450
 *(.debug_aranges)
 .debug_aranges
                  0x000000         0x18 build/default/production/_ext/1639979382/button.o
 .debug_aranges
                  0x000018         0x18 build/default/production/_ext/1639979382/camera.o
 .debug_aranges
                  0x000030         0x18 build/default/production/_ext/1639979382/co2.o
 .debug_aranges
                  0x000048         0x18 build/default/production/_ext/1639979382/datalog.o
 .debug_aranges
                  0x000060         0x18 build/default/production/_ext/1639979382/file.o
 .debug_aranges
                  0x000078         0x18 build/default/production/_ext/1639979382/led.o
 .debug_aranges
                  0x000090         0x18 build/default/production/_ext/1639979382/nesi.o
 .debug_aranges
                  0x0000a8         0x18 build/default/production/_ext/1639979382/powerDriver.o
 .debug_aranges
                  0x0000c0         0x18 build/default/production/_ext/1639979382/resistiveSensors.o
 .debug_aranges
                  0x0000d8         0x18 build/default/production/_ext/1639979382/sdcard.o
 .debug_aranges
                  0x0000f0         0x18 build/default/production/_ext/1639979382/system.o
 .debug_aranges
                  0x000108         0x18 build/default/production/_ext/1639979382/usb.o
 .debug_aranges
                  0x000120         0x18 build/default/production/_ext/1639979382/dateTime.o
 .debug_aranges
                  0x000138         0x18 build/default/production/_ext/1639979382/uart1.o
 .debug_aranges
                  0x000150         0x18 build/default/production/_ext/1639979382/uart2.o
 .debug_aranges
                  0x000168         0x18 build/default/production/_ext/1639979382/uart3.o
 .debug_aranges
                  0x000180         0x18 build/default/production/_ext/1639979382/camera2.o
 .debug_aranges
                  0x000198         0x18 build/default/production/_ext/1161271966/FSIO.o
 .debug_aranges
                  0x0001b0         0x18 build/default/production/_ext/1161271966/SD-SPI.o
 .debug_aranges
                  0x0001c8         0x18 build/default/production/_ext/1464792115/Analog2digital.o
 .debug_aranges
                  0x0001e0         0x18 build/default/production/_ext/1464792115/dateTime_RTC.o
 .debug_aranges
                  0x0001f8         0x18 build/default/production/_ext/1464792115/Encoder.o
 .debug_aranges
                  0x000210         0x18 build/default/production/_ext/1464792115/I2CDrivers.o
 .debug_aranges
                  0x000228         0x18 build/default/production/_ext/1464792115/PortBitDrivers.o
 .debug_aranges
                  0x000240         0x18 build/default/production/_ext/1464792115/RadiationSensorDriver.o
 .debug_aranges
                  0x000258         0x18 build/default/production/_ext/1464792115/RedGreenBlueDrivers.o
 .debug_aranges
                  0x000270         0x18 build/default/production/_ext/1464792115/SensorDirviers.o
 .debug_aranges
                  0x000288         0x18 build/default/production/_ext/1464792115/HdwrTest.o
 .debug_aranges
                  0x0002a0         0x18 build/default/production/_ext/1464792115/NVMDrivers.o
 .debug_aranges
                  0x0002b8         0x18 build/default/production/_ext/1464792115/OptoDrivers.o
 .debug_aranges
                  0x0002d0         0x18 build/default/production/_ext/1464792115/multiMotorDrivers.o
 .debug_aranges
                  0x0002e8         0x18 build/default/production/_ext/1464792115/TempHumidPresDrivers.o
 .debug_aranges
                  0x000300         0x18 build/default/production/_ext/1749136748/non_pwm_led.o
 .debug_aranges
                  0x000318         0x18 build/default/production/_ext/1749136748/main.o
 .debug_aranges
                  0x000330         0x18 build/default/production/_ext/1749136748/kernel13.o
 .debug_aranges
                  0x000348         0x18 build/default/production/_ext/1749136748/kernel14.o
 .debug_aranges
                  0x000360         0x18 build/default/production/_ext/1749136748/SD_support.o
 .debug_aranges
                  0x000378         0x18 build/default/production/_ext/1749136748/kernel15.o
 .debug_aranges
                  0x000390         0x18 build/default/production/_ext/1749136748/kernel16.o
 .debug_aranges
                  0x0003a8         0x18 build/default/production/_ext/1749136748/kernel17.o
 .debug_aranges
                  0x0003c0         0x18 build/default/production/_ext/1749136748/kernel18.o
 .debug_aranges
                  0x0003d8         0x18 build/default/production/_ext/1749136748/kernel12.o
 .debug_aranges
                  0x0003f0         0x18 build/default/production/_ext/1749136748/kernel19.o
 .debug_aranges
                  0x000408         0x18 build/default/production/_ext/1161263815/usb_device.o
 .debug_aranges
                  0x000420         0x18 build/default/production/_ext/1161263815/usb_function_msd.o
 .debug_aranges
                  0x000438         0x18 build/default/production/_ext/1161263815/usb_function_cdc.o

.ivt              0x000004         0xfc
                  0x000004          0x4 LONG 0x4ec DEFINED (__ReservedTrap0)?ABSOLUTE (__ReservedTrap0):ABSOLUTE (__DefaultInterrupt)
                  0x000006          0x4 LONG 0x4ec DEFINED (__OscillatorFail)?ABSOLUTE (__OscillatorFail):ABSOLUTE (__DefaultInterrupt)
                  0x000008          0x4 LONG 0x4ec DEFINED (__AddressError)?ABSOLUTE (__AddressError):ABSOLUTE (__DefaultInterrupt)
                  0x00000a          0x4 LONG 0x4ec DEFINED (__StackError)?ABSOLUTE (__StackError):ABSOLUTE (__DefaultInterrupt)
                  0x00000c          0x4 LONG 0x4ec DEFINED (__MathError)?ABSOLUTE (__MathError):ABSOLUTE (__DefaultInterrupt)
                  0x00000e          0x4 LONG 0x4ec DEFINED (__ReservedTrap5)?ABSOLUTE (__ReservedTrap5):ABSOLUTE (__DefaultInterrupt)
                  0x000010          0x4 LONG 0x4ec DEFINED (__ReservedTrap6)?ABSOLUTE (__ReservedTrap6):ABSOLUTE (__DefaultInterrupt)
                  0x000012          0x4 LONG 0x4ec DEFINED (__ReservedTrap7)?ABSOLUTE (__ReservedTrap7):ABSOLUTE (__DefaultInterrupt)
                  0x000014          0x4 LONG 0x4ec DEFINED (__INT0Interrupt)?ABSOLUTE (__INT0Interrupt):ABSOLUTE (__DefaultInterrupt)
                  0x000016          0x4 LONG 0x4ec DEFINED (__IC1Interrupt)?ABSOLUTE (__IC1Interrupt):ABSOLUTE (__DefaultInterrupt)
                  0x000018          0x4 LONG 0x4ec DEFINED (__OC1Interrupt)?ABSOLUTE (__OC1Interrupt):ABSOLUTE (__DefaultInterrupt)
                  0x00001a          0x4 LONG 0x4ec DEFINED (__T1Interrupt)?ABSOLUTE (__T1Interrupt):ABSOLUTE (__DefaultInterrupt)
                  0x00001c          0x4 LONG 0x4ec DEFINED (__Interrupt4)?ABSOLUTE (__Interrupt4):ABSOLUTE (__DefaultInterrupt)
                  0x00001e          0x4 LONG 0x4ec DEFINED (__IC2Interrupt)?ABSOLUTE (__IC2Interrupt):ABSOLUTE (__DefaultInterrupt)
                  0x000020          0x4 LONG 0x4ec DEFINED (__OC2Interrupt)?ABSOLUTE (__OC2Interrupt):ABSOLUTE (__DefaultInterrupt)
                  0x000022          0x4 LONG 0x1628a DEFINED (__T2Interrupt)?ABSOLUTE (__T2Interrupt):ABSOLUTE (__DefaultInterrupt)
                  0x000024          0x4 LONG 0x4ec DEFINED (__T3Interrupt)?ABSOLUTE (__T3Interrupt):ABSOLUTE (__DefaultInterrupt)
                  0x000026          0x4 LONG 0x4ec DEFINED (__SPI1ErrInterrupt)?ABSOLUTE (__SPI1ErrInterrupt):ABSOLUTE (__DefaultInterrupt)
                  0x000028          0x4 LONG 0x4ec DEFINED (__SPI1Interrupt)?ABSOLUTE (__SPI1Interrupt):ABSOLUTE (__DefaultInterrupt)
                  0x00002a          0x4 LONG 0x17fa4 DEFINED (__U1RXInterrupt)?ABSOLUTE (__U1RXInterrupt):ABSOLUTE (__DefaultInterrupt)
                  0x00002c          0x4 LONG 0x17fe6 DEFINED (__U1TXInterrupt)?ABSOLUTE (__U1TXInterrupt):ABSOLUTE (__DefaultInterrupt)
                  0x00002e          0x4 LONG 0x4ec DEFINED (__ADC1Interrupt)?ABSOLUTE (__ADC1Interrupt):ABSOLUTE (__DefaultInterrupt)
                  0x000030          0x4 LONG 0x4ec DEFINED (__Interrupt14)?ABSOLUTE (__Interrupt14):ABSOLUTE (__DefaultInterrupt)
                  0x000032          0x4 LONG 0x4ec DEFINED (__Interrupt15)?ABSOLUTE (__Interrupt15):ABSOLUTE (__DefaultInterrupt)
                  0x000034          0x4 LONG 0x4ec DEFINED (__SI2C1Interrupt)?ABSOLUTE (__SI2C1Interrupt):ABSOLUTE (__DefaultInterrupt)
                  0x000036          0x4 LONG 0x4ec DEFINED (__MI2C1Interrupt)?ABSOLUTE (__MI2C1Interrupt):ABSOLUTE (__DefaultInterrupt)
                  0x000038          0x4 LONG 0x4ec DEFINED (__CompInterrupt)?ABSOLUTE (__CompInterrupt):ABSOLUTE (__DefaultInterrupt)
                  0x00003a          0x4 LONG 0x19e1a DEFINED (__CNInterrupt)?ABSOLUTE (__CNInterrupt):ABSOLUTE (__DefaultInterrupt)
                  0x00003c          0x4 LONG 0x4ec DEFINED (__INT1Interrupt)?ABSOLUTE (__INT1Interrupt):ABSOLUTE (__DefaultInterrupt)
                  0x00003e          0x4 LONG 0x4ec DEFINED (__Interrupt21)?ABSOLUTE (__Interrupt21):ABSOLUTE (__DefaultInterrupt)
                  0x000040          0x4 LONG 0x4ec DEFINED (__IC7Interrupt)?ABSOLUTE (__IC7Interrupt):ABSOLUTE (__DefaultInterrupt)
                  0x000042          0x4 LONG 0x4ec DEFINED (__IC8Interrupt)?ABSOLUTE (__IC8Interrupt):ABSOLUTE (__DefaultInterrupt)
                  0x000044          0x4 LONG 0x4ec DEFINED (__Interrupt24)?ABSOLUTE (__Interrupt24):ABSOLUTE (__DefaultInterrupt)
                  0x000046          0x4 LONG 0x4ec DEFINED (__OC3Interrupt)?ABSOLUTE (__OC3Interrupt):ABSOLUTE (__DefaultInterrupt)
                  0x000048          0x4 LONG 0x4ec DEFINED (__OC4Interrupt)?ABSOLUTE (__OC4Interrupt):ABSOLUTE (__DefaultInterrupt)
                  0x00004a          0x4 LONG 0x10d8a DEFINED (__T4Interrupt)?ABSOLUTE (__T4Interrupt):ABSOLUTE (__DefaultInterrupt)
                  0x00004c          0x4 LONG 0x19eae DEFINED (__T5Interrupt)?ABSOLUTE (__T5Interrupt):ABSOLUTE (__DefaultInterrupt)
                  0x00004e          0x4 LONG 0x4ec DEFINED (__INT2Interrupt)?ABSOLUTE (__INT2Interrupt):ABSOLUTE (__DefaultInterrupt)
                  0x000050          0x4 LONG 0x1854e DEFINED (__U2RXInterrupt)?ABSOLUTE (__U2RXInterrupt):ABSOLUTE (__DefaultInterrupt)
                  0x000052          0x4 LONG 0x18590 DEFINED (__U2TXInterrupt)?ABSOLUTE (__U2TXInterrupt):ABSOLUTE (__DefaultInterrupt)
                  0x000054          0x4 LONG 0x4ec DEFINED (__SPI2ErrInterrupt)?ABSOLUTE (__SPI2ErrInterrupt):ABSOLUTE (__DefaultInterrupt)
                  0x000056          0x4 LONG 0x4ec DEFINED (__SPI2Interrupt)?ABSOLUTE (__SPI2Interrupt):ABSOLUTE (__DefaultInterrupt)
                  0x000058          0x4 LONG 0x4ec DEFINED (__Interrupt34)?ABSOLUTE (__Interrupt34):ABSOLUTE (__DefaultInterrupt)
                  0x00005a          0x4 LONG 0x4ec DEFINED (__Interrupt35)?ABSOLUTE (__Interrupt35):ABSOLUTE (__DefaultInterrupt)
                  0x00005c          0x4 LONG 0x4ec DEFINED (__Interrupt36)?ABSOLUTE (__Interrupt36):ABSOLUTE (__DefaultInterrupt)
                  0x00005e          0x4 LONG 0x4ec DEFINED (__IC3Interrupt)?ABSOLUTE (__IC3Interrupt):ABSOLUTE (__DefaultInterrupt)
                  0x000060          0x4 LONG 0x4ec DEFINED (__IC4Interrupt)?ABSOLUTE (__IC4Interrupt):ABSOLUTE (__DefaultInterrupt)
                  0x000062          0x4 LONG 0x4ec DEFINED (__IC5Interrupt)?ABSOLUTE (__IC5Interrupt):ABSOLUTE (__DefaultInterrupt)
                  0x000064          0x4 LONG 0x4ec DEFINED (__IC6Interrupt)?ABSOLUTE (__IC6Interrupt):ABSOLUTE (__DefaultInterrupt)
                  0x000066          0x4 LONG 0x4ec DEFINED (__OC5Interrupt)?ABSOLUTE (__OC5Interrupt):ABSOLUTE (__DefaultInterrupt)
                  0x000068          0x4 LONG 0x4ec DEFINED (__OC6Interrupt)?ABSOLUTE (__OC6Interrupt):ABSOLUTE (__DefaultInterrupt)
                  0x00006a          0x4 LONG 0x4ec DEFINED (__OC7Interrupt)?ABSOLUTE (__OC7Interrupt):ABSOLUTE (__DefaultInterrupt)
                  0x00006c          0x4 LONG 0x4ec DEFINED (__OC8Interrupt)?ABSOLUTE (__OC8Interrupt):ABSOLUTE (__DefaultInterrupt)
                  0x00006e          0x4 LONG 0x4ec DEFINED (__PMPInterrupt)?ABSOLUTE (__PMPInterrupt):ABSOLUTE (__DefaultInterrupt)
                  0x000070          0x4 LONG 0x4ec DEFINED (__Interrupt46)?ABSOLUTE (__Interrupt46):ABSOLUTE (__DefaultInterrupt)
                  0x000072          0x4 LONG 0x4ec DEFINED (__Interrupt47)?ABSOLUTE (__Interrupt47):ABSOLUTE (__DefaultInterrupt)
                  0x000074          0x4 LONG 0x4ec DEFINED (__Interrupt48)?ABSOLUTE (__Interrupt48):ABSOLUTE (__DefaultInterrupt)
                  0x000076          0x4 LONG 0x4ec DEFINED (__SI2C2Interrupt)?ABSOLUTE (__SI2C2Interrupt):ABSOLUTE (__DefaultInterrupt)
                  0x000078          0x4 LONG 0x4ec DEFINED (__MI2C2Interrupt)?ABSOLUTE (__MI2C2Interrupt):ABSOLUTE (__DefaultInterrupt)
                  0x00007a          0x4 LONG 0x4ec DEFINED (__Interrupt51)?ABSOLUTE (__Interrupt51):ABSOLUTE (__DefaultInterrupt)
                  0x00007c          0x4 LONG 0x4ec DEFINED (__Interrupt52)?ABSOLUTE (__Interrupt52):ABSOLUTE (__DefaultInterrupt)
                  0x00007e          0x4 LONG 0x4ec DEFINED (__INT3Interrupt)?ABSOLUTE (__INT3Interrupt):ABSOLUTE (__DefaultInterrupt)
                  0x000080          0x4 LONG 0x4ec DEFINED (__INT4Interrupt)?ABSOLUTE (__INT4Interrupt):ABSOLUTE (__DefaultInterrupt)
                  0x000082          0x4 LONG 0x4ec DEFINED (__Interrupt55)?ABSOLUTE (__Interrupt55):ABSOLUTE (__DefaultInterrupt)
                  0x000084          0x4 LONG 0x4ec DEFINED (__Interrupt56)?ABSOLUTE (__Interrupt56):ABSOLUTE (__DefaultInterrupt)
                  0x000086          0x4 LONG 0x4ec DEFINED (__Interrupt57)?ABSOLUTE (__Interrupt57):ABSOLUTE (__DefaultInterrupt)
                  0x000088          0x4 LONG 0x4ec DEFINED (__Interrupt58)?ABSOLUTE (__Interrupt58):ABSOLUTE (__DefaultInterrupt)
                  0x00008a          0x4 LONG 0x4ec DEFINED (__Interrupt59)?ABSOLUTE (__Interrupt59):ABSOLUTE (__DefaultInterrupt)
                  0x00008c          0x4 LONG 0x4ec DEFINED (__Interrupt60)?ABSOLUTE (__Interrupt60):ABSOLUTE (__DefaultInterrupt)
                  0x00008e          0x4 LONG 0x4ec DEFINED (__Interrupt61)?ABSOLUTE (__Interrupt61):ABSOLUTE (__DefaultInterrupt)
                  0x000090          0x4 LONG 0x10dbc DEFINED (__RTCCInterrupt)?ABSOLUTE (__RTCCInterrupt):ABSOLUTE (__DefaultInterrupt)
                  0x000092          0x4 LONG 0x4ec DEFINED (__Interrupt63)?ABSOLUTE (__Interrupt63):ABSOLUTE (__DefaultInterrupt)
                  0x000094          0x4 LONG 0x4ec DEFINED (__Interrupt64)?ABSOLUTE (__Interrupt64):ABSOLUTE (__DefaultInterrupt)
                  0x000096          0x4 LONG 0x4ec DEFINED (__U1ErrInterrupt)?ABSOLUTE (__U1ErrInterrupt):ABSOLUTE (__DefaultInterrupt)
                  0x000098          0x4 LONG 0x4ec DEFINED (__U2ErrInterrupt)?ABSOLUTE (__U2ErrInterrupt):ABSOLUTE (__DefaultInterrupt)
                  0x00009a          0x4 LONG 0x4ec DEFINED (__CRCInterrupt)?ABSOLUTE (__CRCInterrupt):ABSOLUTE (__DefaultInterrupt)
                  0x00009c          0x4 LONG 0x4ec DEFINED (__Interrupt68)?ABSOLUTE (__Interrupt68):ABSOLUTE (__DefaultInterrupt)
                  0x00009e          0x4 LONG 0x4ec DEFINED (__Interrupt69)?ABSOLUTE (__Interrupt69):ABSOLUTE (__DefaultInterrupt)
                  0x0000a0          0x4 LONG 0x4ec DEFINED (__Interrupt70)?ABSOLUTE (__Interrupt70):ABSOLUTE (__DefaultInterrupt)
                  0x0000a2          0x4 LONG 0x4ec DEFINED (__Interrupt71)?ABSOLUTE (__Interrupt71):ABSOLUTE (__DefaultInterrupt)
                  0x0000a4          0x4 LONG 0x4ec DEFINED (__LVDInterrupt)?ABSOLUTE (__LVDInterrupt):ABSOLUTE (__DefaultInterrupt)
                  0x0000a6          0x4 LONG 0x4ec DEFINED (__Interrupt73)?ABSOLUTE (__Interrupt73):ABSOLUTE (__DefaultInterrupt)
                  0x0000a8          0x4 LONG 0x4ec DEFINED (__Interrupt74)?ABSOLUTE (__Interrupt74):ABSOLUTE (__DefaultInterrupt)
                  0x0000aa          0x4 LONG 0x4ec DEFINED (__Interrupt75)?ABSOLUTE (__Interrupt75):ABSOLUTE (__DefaultInterrupt)
                  0x0000ac          0x4 LONG 0x4ec DEFINED (__Interrupt76)?ABSOLUTE (__Interrupt76):ABSOLUTE (__DefaultInterrupt)
                  0x0000ae          0x4 LONG 0x4ec DEFINED (__CTMUInterrupt)?ABSOLUTE (__CTMUInterrupt):ABSOLUTE (__DefaultInterrupt)
                  0x0000b0          0x4 LONG 0x4ec DEFINED (__Interrupt78)?ABSOLUTE (__Interrupt78):ABSOLUTE (__DefaultInterrupt)
                  0x0000b2          0x4 LONG 0x4ec DEFINED (__Interrupt79)?ABSOLUTE (__Interrupt79):ABSOLUTE (__DefaultInterrupt)
                  0x0000b4          0x4 LONG 0x4ec DEFINED (__Interrupt80)?ABSOLUTE (__Interrupt80):ABSOLUTE (__DefaultInterrupt)
                  0x0000b6          0x4 LONG 0x4ec DEFINED (__U3ErrInterrupt)?ABSOLUTE (__U3ErrInterrupt):ABSOLUTE (__DefaultInterrupt)
                  0x0000b8          0x4 LONG 0x1827a DEFINED (__U3RXInterrupt)?ABSOLUTE (__U3RXInterrupt):ABSOLUTE (__DefaultInterrupt)
                  0x0000ba          0x4 LONG 0x182bc DEFINED (__U3TXInterrupt)?ABSOLUTE (__U3TXInterrupt):ABSOLUTE (__DefaultInterrupt)
                  0x0000bc          0x4 LONG 0x4ec DEFINED (__SI2C3Interrupt)?ABSOLUTE (__SI2C3Interrupt):ABSOLUTE (__DefaultInterrupt)
                  0x0000be          0x4 LONG 0x4ec DEFINED (__MI2C3Interrupt)?ABSOLUTE (__MI2C3Interrupt):ABSOLUTE (__DefaultInterrupt)
                  0x0000c0          0x4 LONG 0x125fa DEFINED (__USB1Interrupt)?ABSOLUTE (__USB1Interrupt):ABSOLUTE (__DefaultInterrupt)
                  0x0000c2          0x4 LONG 0x4ec DEFINED (__U4ErrInterrupt)?ABSOLUTE (__U4ErrInterrupt):ABSOLUTE (__DefaultInterrupt)
                  0x0000c4          0x4 LONG 0x4ec DEFINED (__U4RXInterrupt)?ABSOLUTE (__U4RXInterrupt):ABSOLUTE (__DefaultInterrupt)
                  0x0000c6          0x4 LONG 0x4ec DEFINED (__U4TXInterrupt)?ABSOLUTE (__U4TXInterrupt):ABSOLUTE (__DefaultInterrupt)
                  0x0000c8          0x4 LONG 0x4ec DEFINED (__SPI3ErrInterrupt)?ABSOLUTE (__SPI3ErrInterrupt):ABSOLUTE (__DefaultInterrupt)
                  0x0000ca          0x4 LONG 0x4ec DEFINED (__SPI3Interrupt)?ABSOLUTE (__SPI3Interrupt):ABSOLUTE (__DefaultInterrupt)
                  0x0000cc          0x4 LONG 0x4ec DEFINED (__OC9Interrupt)?ABSOLUTE (__OC9Interrupt):ABSOLUTE (__DefaultInterrupt)
                  0x0000ce          0x4 LONG 0x4ec DEFINED (__IC9Interrupt)?ABSOLUTE (__IC9Interrupt):ABSOLUTE (__DefaultInterrupt)
                  0x0000d0          0x4 LONG 0x4ec DEFINED (__Interrupt94)?ABSOLUTE (__Interrupt94):ABSOLUTE (__DefaultInterrupt)
                  0x0000d2          0x4 LONG 0x4ec DEFINED (__Interrupt95)?ABSOLUTE (__Interrupt95):ABSOLUTE (__DefaultInterrupt)
                  0x0000d4          0x4 LONG 0x4ec DEFINED (__Interrupt96)?ABSOLUTE (__Interrupt96):ABSOLUTE (__DefaultInterrupt)
                  0x0000d6          0x4 LONG 0x4ec DEFINED (__Interrupt97)?ABSOLUTE (__Interrupt97):ABSOLUTE (__DefaultInterrupt)
                  0x0000d8          0x4 LONG 0x4ec DEFINED (__Interrupt98)?ABSOLUTE (__Interrupt98):ABSOLUTE (__DefaultInterrupt)
                  0x0000da          0x4 LONG 0x4ec DEFINED (__Interrupt99)?ABSOLUTE (__Interrupt99):ABSOLUTE (__DefaultInterrupt)
                  0x0000dc          0x4 LONG 0x4ec DEFINED (__Interrupt100)?ABSOLUTE (__Interrupt100):ABSOLUTE (__DefaultInterrupt)
                  0x0000de          0x4 LONG 0x4ec DEFINED (__Interrupt101)?ABSOLUTE (__Interrupt101):ABSOLUTE (__DefaultInterrupt)
                  0x0000e0          0x4 LONG 0x4ec DEFINED (__Interrupt102)?ABSOLUTE (__Interrupt102):ABSOLUTE (__DefaultInterrupt)
                  0x0000e2          0x4 LONG 0x4ec DEFINED (__Interrupt103)?ABSOLUTE (__Interrupt103):ABSOLUTE (__DefaultInterrupt)
                  0x0000e4          0x4 LONG 0x4ec DEFINED (__Interrupt104)?ABSOLUTE (__Interrupt104):ABSOLUTE (__DefaultInterrupt)
                  0x0000e6          0x4 LONG 0x4ec DEFINED (__Interrupt105)?ABSOLUTE (__Interrupt105):ABSOLUTE (__DefaultInterrupt)
                  0x0000e8          0x4 LONG 0x4ec DEFINED (__Interrupt106)?ABSOLUTE (__Interrupt106):ABSOLUTE (__DefaultInterrupt)
                  0x0000ea          0x4 LONG 0x4ec DEFINED (__Interrupt107)?ABSOLUTE (__Interrupt107):ABSOLUTE (__DefaultInterrupt)
                  0x0000ec          0x4 LONG 0x4ec DEFINED (__Interrupt108)?ABSOLUTE (__Interrupt108):ABSOLUTE (__DefaultInterrupt)
                  0x0000ee          0x4 LONG 0x4ec DEFINED (__Interrupt109)?ABSOLUTE (__Interrupt109):ABSOLUTE (__DefaultInterrupt)
                  0x0000f0          0x4 LONG 0x4ec DEFINED (__Interrupt110)?ABSOLUTE (__Interrupt110):ABSOLUTE (__DefaultInterrupt)
                  0x0000f2          0x4 LONG 0x4ec DEFINED (__Interrupt111)?ABSOLUTE (__Interrupt111):ABSOLUTE (__DefaultInterrupt)
                  0x0000f4          0x4 LONG 0x4ec DEFINED (__Interrupt112)?ABSOLUTE (__Interrupt112):ABSOLUTE (__DefaultInterrupt)
                  0x0000f6          0x4 LONG 0x4ec DEFINED (__Interrupt113)?ABSOLUTE (__Interrupt113):ABSOLUTE (__DefaultInterrupt)
                  0x0000f8          0x4 LONG 0x4ec DEFINED (__Interrupt114)?ABSOLUTE (__Interrupt114):ABSOLUTE (__DefaultInterrupt)
                  0x0000fa          0x4 LONG 0x4ec DEFINED (__Interrupt115)?ABSOLUTE (__Interrupt115):ABSOLUTE (__DefaultInterrupt)
                  0x0000fc          0x4 LONG 0x4ec DEFINED (__Interrupt116)?ABSOLUTE (__Interrupt116):ABSOLUTE (__DefaultInterrupt)
                  0x0000fe          0x4 LONG 0x4ec DEFINED (__Interrupt117)?ABSOLUTE (__Interrupt117):ABSOLUTE (__DefaultInterrupt)

.aivt             0x000104         0xfc
                  0x000104          0x4 LONG 0x4ec DEFINED (__AltReservedTrap0)?ABSOLUTE (__AltReservedTrap0):DEFINED (__ReservedTrap0)?ABSOLUTE (__ReservedTrap0):ABSOLUTE (__DefaultInterrupt)
                  0x000106          0x4 LONG 0x4ec DEFINED (__AltOscillatorFail)?ABSOLUTE (__AltOscillatorFail):DEFINED (__OscillatorFail)?ABSOLUTE (__OscillatorFail):ABSOLUTE (__DefaultInterrupt)
                  0x000108          0x4 LONG 0x4ec DEFINED (__AltAddressError)?ABSOLUTE (__AltAddressError):DEFINED (__AddressError)?ABSOLUTE (__AddressError):ABSOLUTE (__DefaultInterrupt)
                  0x00010a          0x4 LONG 0x4ec DEFINED (__AltStackError)?ABSOLUTE (__AltStackError):DEFINED (__StackError)?ABSOLUTE (__StackError):ABSOLUTE (__DefaultInterrupt)
                  0x00010c          0x4 LONG 0x4ec DEFINED (__AltMathError)?ABSOLUTE (__AltMathError):DEFINED (__MathError)?ABSOLUTE (__MathError):ABSOLUTE (__DefaultInterrupt)
                  0x00010e          0x4 LONG 0x4ec DEFINED (__AltReservedTrap5)?ABSOLUTE (__AltReservedTrap5):DEFINED (__ReservedTrap5)?ABSOLUTE (__ReservedTrap5):ABSOLUTE (__DefaultInterrupt)
                  0x000110          0x4 LONG 0x4ec DEFINED (__AltReservedTrap6)?ABSOLUTE (__AltReservedTrap6):DEFINED (__ReservedTrap6)?ABSOLUTE (__ReservedTrap6):ABSOLUTE (__DefaultInterrupt)
                  0x000112          0x4 LONG 0x4ec DEFINED (__AltReservedTrap7)?ABSOLUTE (__AltReservedTrap7):DEFINED (__ReservedTrap7)?ABSOLUTE (__ReservedTrap7):ABSOLUTE (__DefaultInterrupt)
                  0x000114          0x4 LONG 0x4ec DEFINED (__AltINT0Interrupt)?ABSOLUTE (__AltINT0Interrupt):DEFINED (__INT0Interrupt)?ABSOLUTE (__INT0Interrupt):ABSOLUTE (__DefaultInterrupt)
                  0x000116          0x4 LONG 0x4ec DEFINED (__AltIC1Interrupt)?ABSOLUTE (__AltIC1Interrupt):DEFINED (__IC1Interrupt)?ABSOLUTE (__IC1Interrupt):ABSOLUTE (__DefaultInterrupt)
                  0x000118          0x4 LONG 0x4ec DEFINED (__AltOC1Interrupt)?ABSOLUTE (__AltOC1Interrupt):DEFINED (__OC1Interrupt)?ABSOLUTE (__OC1Interrupt):ABSOLUTE (__DefaultInterrupt)
                  0x00011a          0x4 LONG 0x4ec DEFINED (__AltT1Interrupt)?ABSOLUTE (__AltT1Interrupt):DEFINED (__T1Interrupt)?ABSOLUTE (__T1Interrupt):ABSOLUTE (__DefaultInterrupt)
                  0x00011c          0x4 LONG 0x4ec DEFINED (__AltInterrupt4)?ABSOLUTE (__AltInterrupt4):DEFINED (__Interrupt4)?ABSOLUTE (__Interrupt4):ABSOLUTE (__DefaultInterrupt)
                  0x00011e          0x4 LONG 0x4ec DEFINED (__AltIC2Interrupt)?ABSOLUTE (__AltIC2Interrupt):DEFINED (__IC2Interrupt)?ABSOLUTE (__IC2Interrupt):ABSOLUTE (__DefaultInterrupt)
                  0x000120          0x4 LONG 0x4ec DEFINED (__AltOC2Interrupt)?ABSOLUTE (__AltOC2Interrupt):DEFINED (__OC2Interrupt)?ABSOLUTE (__OC2Interrupt):ABSOLUTE (__DefaultInterrupt)
                  0x000122          0x4 LONG 0x1628a DEFINED (__AltT2Interrupt)?ABSOLUTE (__AltT2Interrupt):DEFINED (__T2Interrupt)?ABSOLUTE (__T2Interrupt):ABSOLUTE (__DefaultInterrupt)
                  0x000124          0x4 LONG 0x4ec DEFINED (__AltT3Interrupt)?ABSOLUTE (__AltT3Interrupt):DEFINED (__T3Interrupt)?ABSOLUTE (__T3Interrupt):ABSOLUTE (__DefaultInterrupt)
                  0x000126          0x4 LONG 0x4ec DEFINED (__AltSPI1ErrInterrupt)?ABSOLUTE (__AltSPI1ErrInterrupt):DEFINED (__SPI1ErrInterrupt)?ABSOLUTE (__SPI1ErrInterrupt):ABSOLUTE (__DefaultInterrupt)
                  0x000128          0x4 LONG 0x4ec DEFINED (__AltSPI1Interrupt)?ABSOLUTE (__AltSPI1Interrupt):DEFINED (__SPI1Interrupt)?ABSOLUTE (__SPI1Interrupt):ABSOLUTE (__DefaultInterrupt)
                  0x00012a          0x4 LONG 0x17fa4 DEFINED (__AltU1RXInterrupt)?ABSOLUTE (__AltU1RXInterrupt):DEFINED (__U1RXInterrupt)?ABSOLUTE (__U1RXInterrupt):ABSOLUTE (__DefaultInterrupt)
                  0x00012c          0x4 LONG 0x17fe6 DEFINED (__AltU1TXInterrupt)?ABSOLUTE (__AltU1TXInterrupt):DEFINED (__U1TXInterrupt)?ABSOLUTE (__U1TXInterrupt):ABSOLUTE (__DefaultInterrupt)
                  0x00012e          0x4 LONG 0x4ec DEFINED (__AltADC1Interrupt)?ABSOLUTE (__AltADC1Interrupt):DEFINED (__ADC1Interrupt)?ABSOLUTE (__ADC1Interrupt):ABSOLUTE (__DefaultInterrupt)
                  0x000130          0x4 LONG 0x4ec DEFINED (__AltInterrupt14)?ABSOLUTE (__AltInterrupt14):DEFINED (__Interrupt14)?ABSOLUTE (__Interrupt14):ABSOLUTE (__DefaultInterrupt)
                  0x000132          0x4 LONG 0x4ec DEFINED (__AltInterrupt15)?ABSOLUTE (__AltInterrupt15):DEFINED (__Interrupt15)?ABSOLUTE (__Interrupt15):ABSOLUTE (__DefaultInterrupt)
                  0x000134          0x4 LONG 0x4ec DEFINED (__AltSI2C1Interrupt)?ABSOLUTE (__AltSI2C1Interrupt):DEFINED (__SI2C1Interrupt)?ABSOLUTE (__SI2C1Interrupt):ABSOLUTE (__DefaultInterrupt)
                  0x000136          0x4 LONG 0x4ec DEFINED (__AltMI2C1Interrupt)?ABSOLUTE (__AltMI2C1Interrupt):DEFINED (__MI2C1Interrupt)?ABSOLUTE (__MI2C1Interrupt):ABSOLUTE (__DefaultInterrupt)
                  0x000138          0x4 LONG 0x4ec DEFINED (__AltCompInterrupt)?ABSOLUTE (__AltCompInterrupt):DEFINED (__CompInterrupt)?ABSOLUTE (__CompInterrupt):ABSOLUTE (__DefaultInterrupt)
                  0x00013a          0x4 LONG 0x19e1a DEFINED (__AltCNInterrupt)?ABSOLUTE (__AltCNInterrupt):DEFINED (__CNInterrupt)?ABSOLUTE (__CNInterrupt):ABSOLUTE (__DefaultInterrupt)
                  0x00013c          0x4 LONG 0x4ec DEFINED (__AltINT1Interrupt)?ABSOLUTE (__AltINT1Interrupt):DEFINED (__INT1Interrupt)?ABSOLUTE (__INT1Interrupt):ABSOLUTE (__DefaultInterrupt)
                  0x00013e          0x4 LONG 0x4ec DEFINED (__AltInterrupt21)?ABSOLUTE (__AltInterrupt21):DEFINED (__Interrupt21)?ABSOLUTE (__Interrupt21):ABSOLUTE (__DefaultInterrupt)
                  0x000140          0x4 LONG 0x4ec DEFINED (__AltIC7Interrupt)?ABSOLUTE (__AltIC7Interrupt):DEFINED (__IC7Interrupt)?ABSOLUTE (__IC7Interrupt):ABSOLUTE (__DefaultInterrupt)
                  0x000142          0x4 LONG 0x4ec DEFINED (__AltIC8Interrupt)?ABSOLUTE (__AltIC8Interrupt):DEFINED (__IC8Interrupt)?ABSOLUTE (__IC8Interrupt):ABSOLUTE (__DefaultInterrupt)
                  0x000144          0x4 LONG 0x4ec DEFINED (__AltInterrupt24)?ABSOLUTE (__AltInterrupt24):DEFINED (__Interrupt24)?ABSOLUTE (__Interrupt24):ABSOLUTE (__DefaultInterrupt)
                  0x000146          0x4 LONG 0x4ec DEFINED (__AltOC3Interrupt)?ABSOLUTE (__AltOC3Interrupt):DEFINED (__OC3Interrupt)?ABSOLUTE (__OC3Interrupt):ABSOLUTE (__DefaultInterrupt)
                  0x000148          0x4 LONG 0x4ec DEFINED (__AltOC4Interrupt)?ABSOLUTE (__AltOC4Interrupt):DEFINED (__OC4Interrupt)?ABSOLUTE (__OC4Interrupt):ABSOLUTE (__DefaultInterrupt)
                  0x00014a          0x4 LONG 0x10d8a DEFINED (__AltT4Interrupt)?ABSOLUTE (__AltT4Interrupt):DEFINED (__T4Interrupt)?ABSOLUTE (__T4Interrupt):ABSOLUTE (__DefaultInterrupt)
                  0x00014c          0x4 LONG 0x19eae DEFINED (__AltT5Interrupt)?ABSOLUTE (__AltT5Interrupt):DEFINED (__T5Interrupt)?ABSOLUTE (__T5Interrupt):ABSOLUTE (__DefaultInterrupt)
                  0x00014e          0x4 LONG 0x4ec DEFINED (__AltINT2Interrupt)?ABSOLUTE (__AltINT2Interrupt):DEFINED (__INT2Interrupt)?ABSOLUTE (__INT2Interrupt):ABSOLUTE (__DefaultInterrupt)
                  0x000150          0x4 LONG 0x1854e DEFINED (__AltU2RXInterrupt)?ABSOLUTE (__AltU2RXInterrupt):DEFINED (__U2RXInterrupt)?ABSOLUTE (__U2RXInterrupt):ABSOLUTE (__DefaultInterrupt)
                  0x000152          0x4 LONG 0x18590 DEFINED (__AltU2TXInterrupt)?ABSOLUTE (__AltU2TXInterrupt):DEFINED (__U2TXInterrupt)?ABSOLUTE (__U2TXInterrupt):ABSOLUTE (__DefaultInterrupt)
                  0x000154          0x4 LONG 0x4ec DEFINED (__AltSPI2ErrInterrupt)?ABSOLUTE (__AltSPI2ErrInterrupt):DEFINED (__SPI2ErrInterrupt)?ABSOLUTE (__SPI2ErrInterrupt):ABSOLUTE (__DefaultInterrupt)
                  0x000156          0x4 LONG 0x4ec DEFINED (__AltSPI2Interrupt)?ABSOLUTE (__AltSPI2Interrupt):DEFINED (__SPI2Interrupt)?ABSOLUTE (__SPI2Interrupt):ABSOLUTE (__DefaultInterrupt)
                  0x000158          0x4 LONG 0x4ec DEFINED (__AltInterrupt34)?ABSOLUTE (__AltInterrupt34):DEFINED (__Interrupt34)?ABSOLUTE (__Interrupt34):ABSOLUTE (__DefaultInterrupt)
                  0x00015a          0x4 LONG 0x4ec DEFINED (__AltInterrupt35)?ABSOLUTE (__AltInterrupt35):DEFINED (__Interrupt35)?ABSOLUTE (__Interrupt35):ABSOLUTE (__DefaultInterrupt)
                  0x00015c          0x4 LONG 0x4ec DEFINED (__AltInterrupt36)?ABSOLUTE (__AltInterrupt36):DEFINED (__Interrupt36)?ABSOLUTE (__Interrupt36):ABSOLUTE (__DefaultInterrupt)
                  0x00015e          0x4 LONG 0x4ec DEFINED (__AltIC3Interrupt)?ABSOLUTE (__AltIC3Interrupt):DEFINED (__IC3Interrupt)?ABSOLUTE (__IC3Interrupt):ABSOLUTE (__DefaultInterrupt)
                  0x000160          0x4 LONG 0x4ec DEFINED (__AltIC4Interrupt)?ABSOLUTE (__AltIC4Interrupt):DEFINED (__IC4Interrupt)?ABSOLUTE (__IC4Interrupt):ABSOLUTE (__DefaultInterrupt)
                  0x000162          0x4 LONG 0x4ec DEFINED (__AltIC5Interrupt)?ABSOLUTE (__AltIC5Interrupt):DEFINED (__IC5Interrupt)?ABSOLUTE (__IC5Interrupt):ABSOLUTE (__DefaultInterrupt)
                  0x000164          0x4 LONG 0x4ec DEFINED (__AltIC6Interrupt)?ABSOLUTE (__AltIC6Interrupt):DEFINED (__IC6Interrupt)?ABSOLUTE (__IC6Interrupt):ABSOLUTE (__DefaultInterrupt)
                  0x000166          0x4 LONG 0x4ec DEFINED (__AltOC5Interrupt)?ABSOLUTE (__AltOC5Interrupt):DEFINED (__OC5Interrupt)?ABSOLUTE (__OC5Interrupt):ABSOLUTE (__DefaultInterrupt)
                  0x000168          0x4 LONG 0x4ec DEFINED (__AltOC6Interrupt)?ABSOLUTE (__AltOC6Interrupt):DEFINED (__OC6Interrupt)?ABSOLUTE (__OC6Interrupt):ABSOLUTE (__DefaultInterrupt)
                  0x00016a          0x4 LONG 0x4ec DEFINED (__AltOC7Interrupt)?ABSOLUTE (__AltOC7Interrupt):DEFINED (__OC7Interrupt)?ABSOLUTE (__OC7Interrupt):ABSOLUTE (__DefaultInterrupt)
                  0x00016c          0x4 LONG 0x4ec DEFINED (__AltOC8Interrupt)?ABSOLUTE (__AltOC8Interrupt):DEFINED (__OC8Interrupt)?ABSOLUTE (__OC8Interrupt):ABSOLUTE (__DefaultInterrupt)
                  0x00016e          0x4 LONG 0x4ec DEFINED (__AltPMPInterrupt)?ABSOLUTE (__AltPMPInterrupt):DEFINED (__PMPInterrupt)?ABSOLUTE (__PMPInterrupt):ABSOLUTE (__DefaultInterrupt)
                  0x000170          0x4 LONG 0x4ec DEFINED (__AltInterrupt46)?ABSOLUTE (__AltInterrupt46):DEFINED (__Interrupt46)?ABSOLUTE (__Interrupt46):ABSOLUTE (__DefaultInterrupt)
                  0x000172          0x4 LONG 0x4ec DEFINED (__AltInterrupt47)?ABSOLUTE (__AltInterrupt47):DEFINED (__Interrupt47)?ABSOLUTE (__Interrupt47):ABSOLUTE (__DefaultInterrupt)
                  0x000174          0x4 LONG 0x4ec DEFINED (__AltInterrupt48)?ABSOLUTE (__AltInterrupt48):DEFINED (__Interrupt48)?ABSOLUTE (__Interrupt48):ABSOLUTE (__DefaultInterrupt)
                  0x000176          0x4 LONG 0x4ec DEFINED (__AltSI2C2Interrupt)?ABSOLUTE (__AltSI2C2Interrupt):DEFINED (__SI2C2Interrupt)?ABSOLUTE (__SI2C2Interrupt):ABSOLUTE (__DefaultInterrupt)
                  0x000178          0x4 LONG 0x4ec DEFINED (__AltMI2C2Interrupt)?ABSOLUTE (__AltMI2C2Interrupt):DEFINED (__MI2C2Interrupt)?ABSOLUTE (__MI2C2Interrupt):ABSOLUTE (__DefaultInterrupt)
                  0x00017a          0x4 LONG 0x4ec DEFINED (__AltInterrupt51)?ABSOLUTE (__AltInterrupt51):DEFINED (__Interrupt51)?ABSOLUTE (__Interrupt51):ABSOLUTE (__DefaultInterrupt)
                  0x00017c          0x4 LONG 0x4ec DEFINED (__AltInterrupt52)?ABSOLUTE (__AltInterrupt52):DEFINED (__Interrupt52)?ABSOLUTE (__Interrupt52):ABSOLUTE (__DefaultInterrupt)
                  0x00017e          0x4 LONG 0x4ec DEFINED (__AltINT3Interrupt)?ABSOLUTE (__AltINT3Interrupt):DEFINED (__INT3Interrupt)?ABSOLUTE (__INT3Interrupt):ABSOLUTE (__DefaultInterrupt)
                  0x000180          0x4 LONG 0x4ec DEFINED (__AltINT4Interrupt)?ABSOLUTE (__AltINT4Interrupt):DEFINED (__INT4Interrupt)?ABSOLUTE (__INT4Interrupt):ABSOLUTE (__DefaultInterrupt)
                  0x000182          0x4 LONG 0x4ec DEFINED (__AltInterrupt55)?ABSOLUTE (__AltInterrupt55):DEFINED (__Interrupt55)?ABSOLUTE (__Interrupt55):ABSOLUTE (__DefaultInterrupt)
                  0x000184          0x4 LONG 0x4ec DEFINED (__AltInterrupt56)?ABSOLUTE (__AltInterrupt56):DEFINED (__Interrupt56)?ABSOLUTE (__Interrupt56):ABSOLUTE (__DefaultInterrupt)
                  0x000186          0x4 LONG 0x4ec DEFINED (__AltInterrupt57)?ABSOLUTE (__AltInterrupt57):DEFINED (__Interrupt57)?ABSOLUTE (__Interrupt57):ABSOLUTE (__DefaultInterrupt)
                  0x000188          0x4 LONG 0x4ec DEFINED (__AltInterrupt58)?ABSOLUTE (__AltInterrupt58):DEFINED (__Interrupt58)?ABSOLUTE (__Interrupt58):ABSOLUTE (__DefaultInterrupt)
                  0x00018a          0x4 LONG 0x4ec DEFINED (__AltInterrupt59)?ABSOLUTE (__AltInterrupt59):DEFINED (__Interrupt59)?ABSOLUTE (__Interrupt59):ABSOLUTE (__DefaultInterrupt)
                  0x00018c          0x4 LONG 0x4ec DEFINED (__AltInterrupt60)?ABSOLUTE (__AltInterrupt60):DEFINED (__Interrupt60)?ABSOLUTE (__Interrupt60):ABSOLUTE (__DefaultInterrupt)
                  0x00018e          0x4 LONG 0x4ec DEFINED (__AltInterrupt61)?ABSOLUTE (__AltInterrupt61):DEFINED (__Interrupt61)?ABSOLUTE (__Interrupt61):ABSOLUTE (__DefaultInterrupt)
                  0x000190          0x4 LONG 0x10dbc DEFINED (__AltRTCCInterrupt)?ABSOLUTE (__AltRTCCInterrupt):DEFINED (__RTCCInterrupt)?ABSOLUTE (__RTCCInterrupt):ABSOLUTE (__DefaultInterrupt)
                  0x000192          0x4 LONG 0x4ec DEFINED (__AltInterrupt63)?ABSOLUTE (__AltInterrupt63):DEFINED (__Interrupt63)?ABSOLUTE (__Interrupt63):ABSOLUTE (__DefaultInterrupt)
                  0x000194          0x4 LONG 0x4ec DEFINED (__AltInterrupt64)?ABSOLUTE (__AltInterrupt64):DEFINED (__Interrupt64)?ABSOLUTE (__Interrupt64):ABSOLUTE (__DefaultInterrupt)
                  0x000196          0x4 LONG 0x4ec DEFINED (__AltU1ErrInterrupt)?ABSOLUTE (__AltU1ErrInterrupt):DEFINED (__U1ErrInterrupt)?ABSOLUTE (__U1ErrInterrupt):ABSOLUTE (__DefaultInterrupt)
                  0x000198          0x4 LONG 0x4ec DEFINED (__AltU2ErrInterrupt)?ABSOLUTE (__AltU2ErrInterrupt):DEFINED (__U2ErrInterrupt)?ABSOLUTE (__U2ErrInterrupt):ABSOLUTE (__DefaultInterrupt)
                  0x00019a          0x4 LONG 0x4ec DEFINED (__AltCRCInterrupt)?ABSOLUTE (__AltCRCInterrupt):DEFINED (__CRCInterrupt)?ABSOLUTE (__CRCInterrupt):ABSOLUTE (__DefaultInterrupt)
                  0x00019c          0x4 LONG 0x4ec DEFINED (__AltInterrupt68)?ABSOLUTE (__AltInterrupt68):DEFINED (__Interrupt68)?ABSOLUTE (__Interrupt68):ABSOLUTE (__DefaultInterrupt)
                  0x00019e          0x4 LONG 0x4ec DEFINED (__AltInterrupt69)?ABSOLUTE (__AltInterrupt69):DEFINED (__Interrupt69)?ABSOLUTE (__Interrupt69):ABSOLUTE (__DefaultInterrupt)
                  0x0001a0          0x4 LONG 0x4ec DEFINED (__AltInterrupt70)?ABSOLUTE (__AltInterrupt70):DEFINED (__Interrupt70)?ABSOLUTE (__Interrupt70):ABSOLUTE (__DefaultInterrupt)
                  0x0001a2          0x4 LONG 0x4ec DEFINED (__AltInterrupt71)?ABSOLUTE (__AltInterrupt71):DEFINED (__Interrupt71)?ABSOLUTE (__Interrupt71):ABSOLUTE (__DefaultInterrupt)
                  0x0001a4          0x4 LONG 0x4ec DEFINED (__AltLVDInterrupt)?ABSOLUTE (__AltLVDInterrupt):DEFINED (__LVDInterrupt)?ABSOLUTE (__LVDInterrupt):ABSOLUTE (__DefaultInterrupt)
                  0x0001a6          0x4 LONG 0x4ec DEFINED (__AltInterrupt73)?ABSOLUTE (__AltInterrupt73):DEFINED (__Interrupt73)?ABSOLUTE (__Interrupt73):ABSOLUTE (__DefaultInterrupt)